Archive member included to satisfy reference by file (symbol)

C:/ST/STM32CubeIDE_1.14.0/STM32CubeIDE/plugins/com.st.stm32cube.ide.mcu.externaltools.gnu-tools-for-stm32.11.3.rel1.win32_1.1.100.202309141235/tools/bin/../lib/gcc/arm-none-eabi/11.3.1/../../../../arm-none-eabi/lib/thumb/v7e-m+fp/hard\libc_nano.a(libc_a-exit.o)
                              C:/ST/STM32CubeIDE_1.14.0/STM32CubeIDE/plugins/com.st.stm32cube.ide.mcu.externaltools.gnu-tools-for-stm32.11.3.rel1.win32_1.1.100.202309141235/tools/bin/../lib/gcc/arm-none-eabi/11.3.1/../../../../arm-none-eabi/lib/thumb/v7e-m+fp/hard/crt0.o (exit)
C:/ST/STM32CubeIDE_1.14.0/STM32CubeIDE/plugins/com.st.stm32cube.ide.mcu.externaltools.gnu-tools-for-stm32.11.3.rel1.win32_1.1.100.202309141235/tools/bin/../lib/gcc/arm-none-eabi/11.3.1/../../../../arm-none-eabi/lib/thumb/v7e-m+fp/hard\libc_nano.a(libc_a-malloc.o)
                              ./Lib/UGUI/ugui_sim.o (malloc)
C:/ST/STM32CubeIDE_1.14.0/STM32CubeIDE/plugins/com.st.stm32cube.ide.mcu.externaltools.gnu-tools-for-stm32.11.3.rel1.win32_1.1.100.202309141235/tools/bin/../lib/gcc/arm-none-eabi/11.3.1/../../../../arm-none-eabi/lib/thumb/v7e-m+fp/hard\libc_nano.a(libc_a-mallocr.o)
                              C:/ST/STM32CubeIDE_1.14.0/STM32CubeIDE/plugins/com.st.stm32cube.ide.mcu.externaltools.gnu-tools-for-stm32.11.3.rel1.win32_1.1.100.202309141235/tools/bin/../lib/gcc/arm-none-eabi/11.3.1/../../../../arm-none-eabi/lib/thumb/v7e-m+fp/hard\libc_nano.a(libc_a-malloc.o) (_malloc_r)
C:/ST/STM32CubeIDE_1.14.0/STM32CubeIDE/plugins/com.st.stm32cube.ide.mcu.externaltools.gnu-tools-for-stm32.11.3.rel1.win32_1.1.100.202309141235/tools/bin/../lib/gcc/arm-none-eabi/11.3.1/../../../../arm-none-eabi/lib/thumb/v7e-m+fp/hard\libc_nano.a(libc_a-mlock.o)
                              C:/ST/STM32CubeIDE_1.14.0/STM32CubeIDE/plugins/com.st.stm32cube.ide.mcu.externaltools.gnu-tools-for-stm32.11.3.rel1.win32_1.1.100.202309141235/tools/bin/../lib/gcc/arm-none-eabi/11.3.1/../../../../arm-none-eabi/lib/thumb/v7e-m+fp/hard\libc_nano.a(libc_a-mallocr.o) (__malloc_lock)
C:/ST/STM32CubeIDE_1.14.0/STM32CubeIDE/plugins/com.st.stm32cube.ide.mcu.externaltools.gnu-tools-for-stm32.11.3.rel1.win32_1.1.100.202309141235/tools/bin/../lib/gcc/arm-none-eabi/11.3.1/../../../../arm-none-eabi/lib/thumb/v7e-m+fp/hard\libc_nano.a(libc_a-findfp.o)
                              C:/ST/STM32CubeIDE_1.14.0/STM32CubeIDE/plugins/com.st.stm32cube.ide.mcu.externaltools.gnu-tools-for-stm32.11.3.rel1.win32_1.1.100.202309141235/tools/bin/../lib/gcc/arm-none-eabi/11.3.1/../../../../arm-none-eabi/lib/thumb/v7e-m+fp/hard\libc_nano.a(libc_a-exit.o) (__stdio_exit_handler)
C:/ST/STM32CubeIDE_1.14.0/STM32CubeIDE/plugins/com.st.stm32cube.ide.mcu.externaltools.gnu-tools-for-stm32.11.3.rel1.win32_1.1.100.202309141235/tools/bin/../lib/gcc/arm-none-eabi/11.3.1/../../../../arm-none-eabi/lib/thumb/v7e-m+fp/hard\libc_nano.a(libc_a-fwalk.o)
                              C:/ST/STM32CubeIDE_1.14.0/STM32CubeIDE/plugins/com.st.stm32cube.ide.mcu.externaltools.gnu-tools-for-stm32.11.3.rel1.win32_1.1.100.202309141235/tools/bin/../lib/gcc/arm-none-eabi/11.3.1/../../../../arm-none-eabi/lib/thumb/v7e-m+fp/hard\libc_nano.a(libc_a-findfp.o) (_fwalk_sglue)
C:/ST/STM32CubeIDE_1.14.0/STM32CubeIDE/plugins/com.st.stm32cube.ide.mcu.externaltools.gnu-tools-for-stm32.11.3.rel1.win32_1.1.100.202309141235/tools/bin/../lib/gcc/arm-none-eabi/11.3.1/../../../../arm-none-eabi/lib/thumb/v7e-m+fp/hard\libc_nano.a(libc_a-printf.o)
                              ./Lib/UGUI/ugui_sim.o (printf)
C:/ST/STM32CubeIDE_1.14.0/STM32CubeIDE/plugins/com.st.stm32cube.ide.mcu.externaltools.gnu-tools-for-stm32.11.3.rel1.win32_1.1.100.202309141235/tools/bin/../lib/gcc/arm-none-eabi/11.3.1/../../../../arm-none-eabi/lib/thumb/v7e-m+fp/hard\libc_nano.a(libc_a-putchar.o)
                              ./Lib/UGUI/ugui_sim.o (putchar)
C:/ST/STM32CubeIDE_1.14.0/STM32CubeIDE/plugins/com.st.stm32cube.ide.mcu.externaltools.gnu-tools-for-stm32.11.3.rel1.win32_1.1.100.202309141235/tools/bin/../lib/gcc/arm-none-eabi/11.3.1/../../../../arm-none-eabi/lib/thumb/v7e-m+fp/hard\libc_nano.a(libc_a-stdio.o)
                              C:/ST/STM32CubeIDE_1.14.0/STM32CubeIDE/plugins/com.st.stm32cube.ide.mcu.externaltools.gnu-tools-for-stm32.11.3.rel1.win32_1.1.100.202309141235/tools/bin/../lib/gcc/arm-none-eabi/11.3.1/../../../../arm-none-eabi/lib/thumb/v7e-m+fp/hard\libc_nano.a(libc_a-findfp.o) (__sread)
C:/ST/STM32CubeIDE_1.14.0/STM32CubeIDE/plugins/com.st.stm32cube.ide.mcu.externaltools.gnu-tools-for-stm32.11.3.rel1.win32_1.1.100.202309141235/tools/bin/../lib/gcc/arm-none-eabi/11.3.1/../../../../arm-none-eabi/lib/thumb/v7e-m+fp/hard\libc_nano.a(libc_a-memset.o)
                              C:/ST/STM32CubeIDE_1.14.0/STM32CubeIDE/plugins/com.st.stm32cube.ide.mcu.externaltools.gnu-tools-for-stm32.11.3.rel1.win32_1.1.100.202309141235/tools/bin/../lib/gcc/arm-none-eabi/11.3.1/../../../../arm-none-eabi/lib/thumb/v7e-m+fp/hard/crt0.o (memset)
[...]
Memory Configuration

Name             Origin             Length             Attributes
RAM              0x0000000020000000 0x0000000000018000 xrw
RAM2             0x0000000010000000 0x0000000000008000 xrw
FLASH            0x0000000008000000 0x0000000000100000 xr
*default*        0x0000000000000000 0xffffffffffffffff

Linker script and memory map

LOAD C:/ST/STM32CubeIDE_1.14.0/STM32CubeIDE/plugins/com.st.stm32cube.ide.mcu.externaltools.gnu-tools-for-stm32.11.3.rel1.win32_1.1.100.202309141235/tools/bin/../lib/gcc/arm-none-eabi/11.3.1/thumb/v7e-m+fp/hard/crti.o
LOAD C:/ST/STM32CubeIDE_1.14.0/STM32CubeIDE/plugins/com.st.stm32cube.ide.mcu.externaltools.gnu-tools-for-stm32.11.3.rel1.win32_1.1.100.202309141235/tools/bin/../lib/gcc/arm-none-eabi/11.3.1/thumb/v7e-m+fp/hard/crtbegin.o
LOAD C:/ST/STM32CubeIDE_1.14.0/STM32CubeIDE/plugins/com.st.stm32cube.ide.mcu.externaltools.gnu-tools-for-stm32.11.3.rel1.win32_1.1.100.202309141235/tools/bin/../lib/gcc/arm-none-eabi/11.3.1/../../../../arm-none-eabi/lib/thumb/v7e-m+fp/hard/crt0.o
LOAD ./Core/Src/main.o
LOAD ./Core/Src/stm32l4xx_hal_msp.o
LOAD ./Core/Src/stm32l4xx_it.o
LOAD ./Core/Src/syscalls.o
LOAD ./Core/Src/sysmem.o
LOAD ./Core/Src/system_stm32l4xx.o
LOAD ./Core/Startup/startup_stm32l476rgtx.o
LOAD ./Drivers/STM32L4xx_HAL_Driver/Src/stm32l4xx_hal.o
LOAD ./Drivers/STM32L4xx_HAL_Driver/Src/stm32l4xx_hal_cortex.o
LOAD ./Drivers/STM32L4xx_HAL_Driver/Src/stm32l4xx_hal_dma.o
LOAD ./Drivers/STM32L4xx_HAL_Driver/Src/stm32l4xx_hal_dma_ex.o
LOAD ./Drivers/STM32L4xx_HAL_Driver/Src/stm32l4xx_hal_exti.o
LOAD ./Drivers/STM32L4xx_HAL_Driver/Src/stm32l4xx_hal_flash.o
LOAD ./Drivers/STM32L4xx_HAL_Driver/Src/stm32l4xx_hal_flash_ex.o
LOAD ./Drivers/STM32L4xx_HAL_Driver/Src/stm32l4xx_hal_flash_ramfunc.o
LOAD ./Drivers/STM32L4xx_HAL_Driver/Src/stm32l4xx_hal_gpio.o
LOAD ./Drivers/STM32L4xx_HAL_Driver/Src/stm32l4xx_hal_i2c.o
LOAD ./Drivers/STM32L4xx_HAL_Driver/Src/stm32l4xx_hal_i2c_ex.o
LOAD ./Drivers/STM32L4xx_HAL_Driver/Src/stm32l4xx_hal_pwr.o
LOAD ./Drivers/STM32L4xx_HAL_Driver/Src/stm32l4xx_hal_pwr_ex.o
LOAD ./Drivers/STM32L4xx_HAL_Driver/Src/stm32l4xx_hal_rcc.o
LOAD ./Drivers/STM32L4xx_HAL_Driver/Src/stm32l4xx_hal_rcc_ex.o
LOAD ./Drivers/STM32L4xx_HAL_Driver/Src/stm32l4xx_hal_spi.o
LOAD ./Drivers/STM32L4xx_HAL_Driver/Src/stm32l4xx_hal_spi_ex.o
LOAD ./Drivers/STM32L4xx_HAL_Driver/Src/stm32l4xx_hal_tim.o
LOAD ./Drivers/STM32L4xx_HAL_Driver/Src/stm32l4xx_hal_tim_ex.o
LOAD ./Drivers/STM32L4xx_HAL_Driver/Src/stm32l4xx_hal_uart.o
LOAD ./Drivers/STM32L4xx_HAL_Driver/Src/stm32l4xx_hal_uart_ex.o
LOAD ./Lib/Src/communication.o
LOAD ./Lib/Src/image.o
LOAD ./Lib/Src/lcd.o
LOAD ./Lib/Src/led_ring.o
LOAD ./Lib/UGUI/Fonts/arial_10X13.o
LOAD ./Lib/UGUI/Fonts/arial_10X13_cyrillic.o
LOAD ./Lib/UGUI/Fonts/arial_12X15.o
LOAD ./Lib/UGUI/Fonts/arial_12X15_cyrillic.o
LOAD ./Lib/UGUI/Fonts/arial_16X18.o
LOAD ./Lib/UGUI/Fonts/arial_16X18_cyrillic.o
LOAD ./Lib/UGUI/Fonts/arial_20X23.o
LOAD ./Lib/UGUI/Fonts/arial_20X23_cyrillic.o
LOAD ./Lib/UGUI/Fonts/arial_25X28.o
LOAD ./Lib/UGUI/Fonts/arial_25X28_cyrillic.o
LOAD ./Lib/UGUI/Fonts/arial_29X35.o
LOAD ./Lib/UGUI/Fonts/arial_29X35_cyrillic.o
LOAD ./Lib/UGUI/Fonts/arial_35X40.o
LOAD ./Lib/UGUI/Fonts/arial_35X40_cyrillic.o
LOAD ./Lib/UGUI/Fonts/arial_39X45.o
LOAD ./Lib/UGUI/Fonts/arial_39X45_cyrillic.o
LOAD ./Lib/UGUI/Fonts/arial_45X52.o
LOAD ./Lib/UGUI/Fonts/arial_45X52_cyrillic.o
LOAD ./Lib/UGUI/Fonts/arial_49X57.o
LOAD ./Lib/UGUI/Fonts/arial_49X57_cyrillic.o
LOAD ./Lib/UGUI/Fonts/arial_6X6.o
LOAD ./Lib/UGUI/Fonts/arial_6X6_cyrillic.o
LOAD ./Lib/UGUI/Fonts/arial_9X10.o
LOAD ./Lib/UGUI/Fonts/arial_9X10_cyrillic.o
LOAD ./Lib/UGUI/Fonts/font_10x16.o
LOAD ./Lib/UGUI/Fonts/font_12x16.o
LOAD ./Lib/UGUI/Fonts/font_12x20.o
LOAD ./Lib/UGUI/Fonts/font_16x26.o
LOAD ./Lib/UGUI/Fonts/font_22x36.o
LOAD ./Lib/UGUI/Fonts/font_24x40.o
LOAD ./Lib/UGUI/Fonts/font_32x53.o
LOAD ./Lib/UGUI/Fonts/font_4x6.o
LOAD ./Lib/UGUI/Fonts/font_5x12.o
LOAD ./Lib/UGUI/Fonts/font_5x8.o
LOAD ./Lib/UGUI/Fonts/font_6x10.o
LOAD ./Lib/UGUI/Fonts/font_6x8.o
LOAD ./Lib/UGUI/Fonts/font_7x12.o
LOAD ./Lib/UGUI/Fonts/font_8x12.o
LOAD ./Lib/UGUI/Fonts/font_8x12_cyrillic.o
LOAD ./Lib/UGUI/Fonts/font_8x14.o
LOAD ./Lib/UGUI/Fonts/font_8x8.o
LOAD ./Lib/UGUI/ugui.o
LOAD ./Lib/UGUI/ugui_button.o
LOAD ./Lib/UGUI/ugui_checkbox.o
LOAD ./Lib/UGUI/ugui_image.o
LOAD ./Lib/UGUI/ugui_progress.o
LOAD ./Lib/UGUI/ugui_sim.o
LOAD ./Lib/UGUI/ugui_sim_x11.o
LOAD ./Lib/UGUI/ugui_textbox.o
START GROUP
LOAD C:/ST/STM32CubeIDE_1.14.0/STM32CubeIDE/plugins/com.st.stm32cube.ide.mcu.externaltools.gnu-tools-for-stm32.11.3.rel1.win32_1.1.100.202309141235/tools/bin/../lib/gcc/arm-none-eabi/11.3.1/../../../../arm-none-eabi/lib/thumb/v7e-m+fp/hard\libc_nano.a
LOAD C:/ST/STM32CubeIDE_1.14.0/STM32CubeIDE/plugins/com.st.stm32cube.ide.mcu.externaltools.gnu-tools-for-stm32.11.3.rel1.win32_1.1.100.202309141235/tools/bin/../lib/gcc/arm-none-eabi/11.3.1/../../../../arm-none-eabi/lib/thumb/v7e-m+fp/hard\libm.a
END GROUP
START GROUP
LOAD C:/ST/STM32CubeIDE_1.14.0/STM32CubeIDE/plugins/com.st.stm32cube.ide.mcu.externaltools.gnu-tools-for-stm32.11.3.rel1.win32_1.1.100.202309141235/tools/bin/../lib/gcc/arm-none-eabi/11.3.1/thumb/v7e-m+fp/hard\libgcc.a
LOAD C:/ST/STM32CubeIDE_1.14.0/STM32CubeIDE/plugins/com.st.stm32cube.ide.mcu.externaltools.gnu-tools-for-stm32.11.3.rel1.win32_1.1.100.202309141235/tools/bin/../lib/gcc/arm-none-eabi/11.3.1/../../../../arm-none-eabi/lib/thumb/v7e-m+fp/hard\libc_nano.a
END GROUP
START GROUP
LOAD C:/ST/STM32CubeIDE_1.14.0/STM32CubeIDE/plugins/com.st.stm32cube.ide.mcu.externaltools.gnu-tools-for-stm32.11.3.rel1.win32_1.1.100.202309141235/tools/bin/../lib/gcc/arm-none-eabi/11.3.1/thumb/v7e-m+fp/hard\libgcc.a
LOAD C:/ST/STM32CubeIDE_1.14.0/STM32CubeIDE/plugins/com.st.stm32cube.ide.mcu.externaltools.gnu-tools-for-stm32.11.3.rel1.win32_1.1.100.202309141235/tools/bin/../lib/gcc/arm-none-eabi/11.3.1/../../../../arm-none-eabi/lib/thumb/v7e-m+fp/hard\libc_nano.a
LOAD C:/ST/STM32CubeIDE_1.14.0/STM32CubeIDE/plugins/com.st.stm32cube.ide.mcu.externaltools.gnu-tools-for-stm32.11.3.rel1.win32_1.1.100.202309141235/tools/bin/../lib/gcc/arm-none-eabi/11.3.1/../../../../arm-none-eabi/lib/thumb/v7e-m+fp/hard\libnosys.a
END GROUP
START GROUP
LOAD C:/ST/STM32CubeIDE_1.14.0/STM32CubeIDE/plugins/com.st.stm32cube.ide.mcu.externaltools.gnu-tools-for-stm32.11.3.rel1.win32_1.1.100.202309141235/tools/bin/../lib/gcc/arm-none-eabi/11.3.1/thumb/v7e-m+fp/hard\libgcc.a
LOAD C:/ST/STM32CubeIDE_1.14.0/STM32CubeIDE/plugins/com.st.stm32cube.ide.mcu.externaltools.gnu-tools-for-stm32.11.3.rel1.win32_1.1.100.202309141235/tools/bin/../lib/gcc/arm-none-eabi/11.3.1/../../../../arm-none-eabi/lib/thumb/v7e-m+fp/hard\libc_nano.a
LOAD C:/ST/STM32CubeIDE_1.14.0/STM32CubeIDE/plugins/com.st.stm32cube.ide.mcu.externaltools.gnu-tools-for-stm32.11.3.rel1.win32_1.1.100.202309141235/tools/bin/../lib/gcc/arm-none-eabi/11.3.1/../../../../arm-none-eabi/lib/thumb/v7e-m+fp/hard\libnosys.a
END GROUP
LOAD C:/ST/STM32CubeIDE_1.14.0/STM32CubeIDE/plugins/com.st.stm32cube.ide.mcu.externaltools.gnu-tools-for-stm32.11.3.rel1.win32_1.1.100.202309141235/tools/bin/../lib/gcc/arm-none-eabi/11.3.1/thumb/v7e-m+fp/hard/crtend.o
LOAD C:/ST/STM32CubeIDE_1.14.0/STM32CubeIDE/plugins/com.st.stm32cube.ide.mcu.externaltools.gnu-tools-for-stm32.11.3.rel1.win32_1.1.100.202309141235/tools/bin/../lib/gcc/arm-none-eabi/11.3.1/thumb/v7e-m+fp/hard/crtn.o
                0x0000000020018000                _estack = (ORIGIN (RAM) + LENGTH (RAM))
                0x0000000000000200                _Min_Heap_Size = 0x200
                0x0000000000000400                _Min_Stack_Size = 0x400

.isr_vector     0x0000000008000000      0x188
                0x0000000008000000                . = ALIGN (0x4)
 *(.isr_vector)
 .isr_vector    0x0000000008000000      0x188 ./Core/Startup/startup_stm32l476rgtx.o
                0x0000000008000000                g_pfnVectors
                0x0000000008000188                . = ALIGN (0x4)

.text           0x0000000008000188     0x8c48
                0x0000000008000188                . = ALIGN (0x4)
 *(.text)
 .text          0x0000000008000188       0x40 C:/ST/STM32CubeIDE_1.14.0/STM32CubeIDE/plugins/com.st.stm32cube.ide.mcu.externaltools.gnu-tools-for-stm32.11.3.rel1.win32_1.1.100.202309141235/tools/bin/../lib/gcc/arm-none-eabi/11.3.1/thumb/v7e-m+fp/hard/crtbegin.o
 .text          0x00000000080001c8      0x378 C:/ST/STM32CubeIDE_1.14.0/STM32CubeIDE/plugins/com.st.stm32cube.ide.mcu.externaltools.gnu-tools-for-stm32.11.3.rel1.win32_1.1.100.202309141235/tools/bin/../lib/gcc/arm-none-eabi/11.3.1/thumb/v7e-m+fp/hard\libgcc.a(_arm_addsubdf3.o)
                0x00000000080001c8                __aeabi_drsub
                0x00000000080001d0                __aeabi_dsub
                0x00000000080001d0                __subdf3
                0x00000000080001d4                __aeabi_dadd
                0x00000000080001d4                __adddf3
                0x000000000800044c                __floatunsidf
                0x000000000800044c                __aeabi_ui2d
                0x000000000800046c                __floatsidf
                0x000000000800046c                __aeabi_i2d
                0x0000000008000490                __aeabi_f2d
                0x0000000008000490                __extendsfdf2
                0x00000000080004d4                __floatundidf
                0x00000000080004d4                __aeabi_ul2d
                0x00000000080004e4                __floatdidf
                0x00000000080004e4                __aeabi_l2d
 .text          0x0000000008000540      0x424 C:/ST/STM32CubeIDE_1.14.0/STM32CubeIDE/plugins/com.st.stm32cube.ide.mcu.externaltools.gnu-tools-for-stm32.11.3.rel1.win32_1.1.100.202309141235/tools/bin/../lib/gcc/arm-none-eabi/11.3.1/thumb/v7e-m+fp/hard\libgcc.a(_arm_muldivdf3.o)
                0x0000000008000540                __aeabi_dmul
                0x0000000008000540                __muldf3
                0x0000000008000794                __divdf3
                0x0000000008000794                __aeabi_ddiv
 .text          0x0000000008000964      0x110 C:/ST/STM32CubeIDE_1.14.0/STM32CubeIDE/plugins/com.st.stm32cube.ide.mcu.externaltools.gnu-tools-for-stm32.11.3.rel1.win32_1.1.100.202309141235/tools/bin/../lib/gcc/arm-none-eabi/11.3.1/thumb/v7e-m+fp/hard\libgcc.a(_arm_cmpdf2.o)
                0x0000000008000964                __gtdf2
                0x0000000008000964                __gedf2
                0x000000000800096c                __ltdf2
                0x000000000800096c                __ledf2
                0x0000000008000974                __nedf2
                0x0000000008000974                __eqdf2
                0x0000000008000974                __cmpdf2
                0x00000000080009f0                __aeabi_cdrcmple
                0x0000000008000a00                __aeabi_cdcmpeq
                0x0000000008000a00                __aeabi_cdcmple
                0x0000000008000a10                __aeabi_dcmpeq
                0x0000000008000a24                __aeabi_dcmplt
                0x0000000008000a38                __aeabi_dcmple
                0x0000000008000a4c                __aeabi_dcmpge
                0x0000000008000a60                __aeabi_dcmpgt
 .text          0x0000000008000a74       0x50 C:/ST/STM32CubeIDE_1.14.0/STM32CubeIDE/plugins/com.st.stm32cube.ide.mcu.externaltools.gnu-tools-for-stm32.11.3.rel1.win32_1.1.100.202309141235/tools/bin/../lib/gcc/arm-none-eabi/11.3.1/thumb/v7e-m+fp/hard\libgcc.a(_arm_fixdfsi.o)
                0x0000000008000a74                __aeabi_d2iz
                0x0000000008000a74                __fixdfsi
 .text          0x0000000008000ac4       0x40 C:/ST/STM32CubeIDE_1.14.0/STM32CubeIDE/plugins/com.st.stm32cube.ide.mcu.externaltools.gnu-tools-for-stm32.11.3.rel1.win32_1.1.100.202309141235/tools/bin/../lib/gcc/arm-none-eabi/11.3.1/thumb/v7e-m+fp/hard\libgcc.a(_arm_fixunsdfsi.o)
                0x0000000008000ac4                __aeabi_d2uiz
                0x0000000008000ac4                __fixunsdfsi
 .text          0x0000000008000b04       0xa0 C:/ST/STM32CubeIDE_1.14.0/STM32CubeIDE/plugins/com.st.stm32cube.ide.mcu.externaltools.gnu-tools-for-stm32.11.3.rel1.win32_1.1.100.202309141235/tools/bin/../lib/gcc/arm-none-eabi/11.3.1/thumb/v7e-m+fp/hard\libgcc.a(_arm_truncdfsf2.o)
                0x0000000008000b04                __truncdfsf2
                0x0000000008000b04                __aeabi_d2f
 .text          0x0000000008000ba4       0x30 C:/ST/STM32CubeIDE_1.14.0/STM32CubeIDE/plugins/com.st.stm32cube.ide.mcu.externaltools.gnu-tools-for-stm32.11.3.rel1.win32_1.1.100.202309141235/tools/bin/../lib/gcc/arm-none-eabi/11.3.1/thumb/v7e-m+fp/hard\libgcc.a(_aeabi_uldivmod.o)
                0x0000000008000ba4                __aeabi_uldivmod
 .text          0x0000000008000bd4      0x2c8 C:/ST/STM32CubeIDE_1.14.0/STM32CubeIDE/plugins/com.st.stm32cube.ide.mcu.externaltools.gnu-tools-for-stm32.11.3.rel1.win32_1.1.100.202309141235/tools/bin/../lib/gcc/arm-none-eabi/11.3.1/thumb/v7e-m+fp/hard\libgcc.a(_udivmoddi4.o)
                0x0000000008000bd4                __udivmoddi4
 .text          0x0000000008000e9c        0x4 C:/ST/STM32CubeIDE_1.14.0/STM32CubeIDE/plugins/com.st.stm32cube.ide.mcu.externaltools.gnu-tools-for-stm32.11.3.rel1.win32_1.1.100.202309141235/tools/bin/../lib/gcc/arm-none-eabi/11.3.1/thumb/v7e-m+fp/hard\libgcc.a(_dvmd_tls.o)
                0x0000000008000e9c                __aeabi_idiv0
                0x0000000008000e9c                __aeabi_ldiv0
 *(.text*)
 .text.main     0x0000000008000ea0      0x104 ./Core/Src/main.o
                0x0000000008000ea0                main
 .text.SystemClock_Config
                0x0000000008000fa4       0xa4 ./Core/Src/main.o
                0x0000000008000fa4                SystemClock_Config
 .text.MX_SPI1_Init
                0x0000000008001048       0x7c ./Core/Src/main.o
 .text.MX_TIM1_Init
                0x00000000080010c4      0x158 ./Core/Src/main.o
 .text.MX_TIM2_Init
                0x000000000800121c       0x9c ./Core/Src/main.o
 .text.MX_UART5_Init
                0x00000000080012b8       0x60 ./Core/Src/main.o
 .text.MX_USART2_UART_Init
                0x0000000008001318       0x60 ./Core/Src/main.o
 .text.MX_DMA_Init
                0x0000000008001378       0x4c ./Core/Src/main.o
 .text.MX_GPIO_Init
                0x00000000080013c4       0xb0 ./Core/Src/main.o
 .text.HAL_UART_RxCpltCallback
                0x0000000008001474       0x40 ./Core/Src/main.o
                0x0000000008001474                HAL_UART_RxCpltCallback
 .text.HAL_TIM_PeriodElapsedCallback
                0x00000000080014b4       0x2c ./Core/Src/main.o
                0x00000000080014b4                HAL_TIM_PeriodElapsedCallback
 .text.HAL_TIM_PWM_PulseFinishedCallback
                0x00000000080014e0       0x28 ./Core/Src/main.o
                0x00000000080014e0                HAL_TIM_PWM_PulseFinishedCallback
 .text.Error_Handler
                0x0000000008001508        0xa ./Core/Src/main.o
                0x0000000008001508                Error_Handler
 *fill*         0x0000000008001512        0x2 
 .text.HAL_MspInit
                0x0000000008001514       0x48 ./Core/Src/stm32l4xx_hal_msp.o
                0x0000000008001514                HAL_MspInit
 .text.HAL_SPI_MspInit
                0x000000000800155c       0xe0 ./Core/Src/stm32l4xx_hal_msp.o
                0x000000000800155c                HAL_SPI_MspInit
 .text.HAL_TIM_Base_MspInit
                0x000000000800163c       0xcc ./Core/Src/stm32l4xx_hal_msp.o
                0x000000000800163c                HAL_TIM_Base_MspInit
 .text.HAL_TIM_MspPostInit
                0x0000000008001708       0x70 ./Core/Src/stm32l4xx_hal_msp.o
                0x0000000008001708                HAL_TIM_MspPostInit
 .text.HAL_UART_MspInit
                0x0000000008001778      0x1ac ./Core/Src/stm32l4xx_hal_msp.o
                0x0000000008001778                HAL_UART_MspInit
 .text.NMI_Handler
                0x0000000008001924        0x6 ./Core/Src/stm32l4xx_it.o
                0x0000000008001924                NMI_Handler
 .text.HardFault_Handler
                0x000000000800192a        0x6 ./Core/Src/stm32l4xx_it.o
                0x000000000800192a                HardFault_Handler
 .text.MemManage_Handler
                0x0000000008001930        0x6 ./Core/Src/stm32l4xx_it.o
                0x0000000008001930                MemManage_Handler
 .text.BusFault_Handler
                0x0000000008001936        0x6 ./Core/Src/stm32l4xx_it.o
                0x0000000008001936                BusFault_Handler
 .text.UsageFault_Handler
                0x000000000800193c        0x6 ./Core/Src/stm32l4xx_it.o
                0x000000000800193c                UsageFault_Handler
 .text.SVC_Handler
                0x0000000008001942        0xe ./Core/Src/stm32l4xx_it.o
                0x0000000008001942                SVC_Handler
 .text.DebugMon_Handler
                0x0000000008001950        0xe ./Core/Src/stm32l4xx_it.o
                0x0000000008001950                DebugMon_Handler
 .text.PendSV_Handler
                0x000000000800195e        0xe ./Core/Src/stm32l4xx_it.o
                0x000000000800195e                PendSV_Handler
 .text.SysTick_Handler
                0x000000000800196c        0xc ./Core/Src/stm32l4xx_it.o
                0x000000000800196c                SysTick_Handler
 .text.DMA1_Channel2_IRQHandler
                0x0000000008001978       0x14 ./Core/Src/stm32l4xx_it.o
                0x0000000008001978                DMA1_Channel2_IRQHandler
 .text.DMA1_Channel3_IRQHandler
                0x000000000800198c       0x14 ./Core/Src/stm32l4xx_it.o
                0x000000000800198c                DMA1_Channel3_IRQHandler
 .text.TIM2_IRQHandler
                0x00000000080019a0       0x14 ./Core/Src/stm32l4xx_it.o
                0x00000000080019a0                TIM2_IRQHandler
 .text.USART2_IRQHandler
                0x00000000080019b4       0x14 ./Core/Src/stm32l4xx_it.o
                0x00000000080019b4                USART2_IRQHandler
 .text.UART5_IRQHandler
                0x00000000080019c8       0x14 ./Core/Src/stm32l4xx_it.o
                0x00000000080019c8                UART5_IRQHandler
 .text.SystemInit
                0x00000000080019dc       0x24 ./Core/Src/system_stm32l4xx.o
                0x00000000080019dc                SystemInit
 .text.Reset_Handler
                0x0000000008001a00       0x50 ./Core/Startup/startup_stm32l476rgtx.o
                0x0000000008001a00                Reset_Handler
 .text.Default_Handler
                0x0000000008001a50        0x2 ./Core/Startup/startup_stm32l476rgtx.o
                0x0000000008001a50                RTC_Alarm_IRQHandler
                0x0000000008001a50                EXTI2_IRQHandler
                0x0000000008001a50                TIM8_TRG_COM_IRQHandler
                0x0000000008001a50                TIM8_CC_IRQHandler
                0x0000000008001a50                TIM1_CC_IRQHandler
                0x0000000008001a50                TSC_IRQHandler
                0x0000000008001a50                TAMP_STAMP_IRQHandler
                0x0000000008001a50                EXTI3_IRQHandler
                0x0000000008001a50                LPTIM2_IRQHandler
                0x0000000008001a50                DFSDM1_FLT1_IRQHandler
                0x0000000008001a50                I2C3_ER_IRQHandler
                0x0000000008001a50                DFSDM1_FLT2_IRQHandler
                0x0000000008001a50                EXTI0_IRQHandler
                0x0000000008001a50                I2C2_EV_IRQHandler
                0x0000000008001a50                CAN1_RX0_IRQHandler
                0x0000000008001a50                FPU_IRQHandler
                0x0000000008001a50                TIM1_UP_TIM16_IRQHandler
                0x0000000008001a50                ADC1_2_IRQHandler
                0x0000000008001a50                SPI1_IRQHandler
                0x0000000008001a50                TIM6_DAC_IRQHandler
                0x0000000008001a50                TIM8_UP_IRQHandler
                0x0000000008001a50                DMA2_Channel2_IRQHandler
                0x0000000008001a50                DMA1_Channel4_IRQHandler
                0x0000000008001a50                SAI2_IRQHandler
                0x0000000008001a50                DFSDM1_FLT3_IRQHandler
                0x0000000008001a50                USART3_IRQHandler
                0x0000000008001a50                DMA1_Channel7_IRQHandler
                0x0000000008001a50                CAN1_RX1_IRQHandler
                0x0000000008001a50                LCD_IRQHandler
                0x0000000008001a50                ADC3_IRQHandler
                0x0000000008001a50                TIM4_IRQHandler
                0x0000000008001a50                DMA2_Channel1_IRQHandler
                0x0000000008001a50                QUADSPI_IRQHandler
                0x0000000008001a50                I2C1_EV_IRQHandler
                0x0000000008001a50                DMA1_Channel6_IRQHandler
                0x0000000008001a50                UART4_IRQHandler
                0x0000000008001a50                DMA2_Channel4_IRQHandler
                0x0000000008001a50                TIM3_IRQHandler
                0x0000000008001a50                RCC_IRQHandler
                0x0000000008001a50                DMA1_Channel1_IRQHandler
                0x0000000008001a50                Default_Handler
                0x0000000008001a50                DMA2_Channel7_IRQHandler
                0x0000000008001a50                EXTI15_10_IRQHandler
                0x0000000008001a50                TIM7_IRQHandler
                0x0000000008001a50                SDMMC1_IRQHandler
                0x0000000008001a50                TIM5_IRQHandler
                0x0000000008001a50                I2C3_EV_IRQHandler
                0x0000000008001a50                EXTI9_5_IRQHandler
                0x0000000008001a50                RTC_WKUP_IRQHandler
                0x0000000008001a50                PVD_PVM_IRQHandler
                0x0000000008001a50                SPI2_IRQHandler
                0x0000000008001a50                CAN1_TX_IRQHandler
                0x0000000008001a50                DMA2_Channel5_IRQHandler
                0x0000000008001a50                DMA1_Channel5_IRQHandler
                0x0000000008001a50                EXTI4_IRQHandler
                0x0000000008001a50                RNG_IRQHandler
                0x0000000008001a50                TIM1_TRG_COM_TIM17_IRQHandler
                0x0000000008001a50                COMP_IRQHandler
                0x0000000008001a50                WWDG_IRQHandler
                0x0000000008001a50                LPUART1_IRQHandler
                0x0000000008001a50                DMA2_Channel6_IRQHandler
                0x0000000008001a50                EXTI1_IRQHandler
                0x0000000008001a50                DFSDM1_FLT0_IRQHandler
                0x0000000008001a50                I2C2_ER_IRQHandler
                0x0000000008001a50                TIM8_BRK_IRQHandler
                0x0000000008001a50                CAN1_SCE_IRQHandler
                0x0000000008001a50                FLASH_IRQHandler
                0x0000000008001a50                USART1_IRQHandler
                0x0000000008001a50                OTG_FS_IRQHandler
                0x0000000008001a50                SPI3_IRQHandler
                0x0000000008001a50                I2C1_ER_IRQHandler
                0x0000000008001a50                FMC_IRQHandler
                0x0000000008001a50                SWPMI1_IRQHandler
                0x0000000008001a50                LPTIM1_IRQHandler
                0x0000000008001a50                SAI1_IRQHandler
                0x0000000008001a50                DMA2_Channel3_IRQHandler
                0x0000000008001a50                TIM1_BRK_TIM15_IRQHandler
 *fill*         0x0000000008001a52        0x2 
 .text.HAL_Init
                0x0000000008001a54       0x40 ./Drivers/STM32L4xx_HAL_Driver/Src/stm32l4xx_hal.o
                0x0000000008001a54                HAL_Init
 .text.HAL_InitTick
                0x0000000008001a94       0x78 ./Drivers/STM32L4xx_HAL_Driver/Src/stm32l4xx_hal.o
                0x0000000008001a94                HAL_InitTick
 .text.HAL_IncTick
                0x0000000008001b0c       0x28 ./Drivers/STM32L4xx_HAL_Driver/Src/stm32l4xx_hal.o
                0x0000000008001b0c                HAL_IncTick
 .text.HAL_GetTick
                0x0000000008001b34       0x18 ./Drivers/STM32L4xx_HAL_Driver/Src/stm32l4xx_hal.o
                0x0000000008001b34                HAL_GetTick
 .text.__NVIC_SetPriorityGrouping
                0x0000000008001b4c       0x48 ./Drivers/STM32L4xx_HAL_Driver/Src/stm32l4xx_hal_cortex.o
 .text.__NVIC_GetPriorityGrouping
                0x0000000008001b94       0x1c ./Drivers/STM32L4xx_HAL_Driver/Src/stm32l4xx_hal_cortex.o
 .text.__NVIC_EnableIRQ
                0x0000000008001bb0       0x3c ./Drivers/STM32L4xx_HAL_Driver/Src/stm32l4xx_hal_cortex.o
 .text.__NVIC_SetPriority
                0x0000000008001bec       0x54 ./Drivers/STM32L4xx_HAL_Driver/Src/stm32l4xx_hal_cortex.o
 .text.NVIC_EncodePriority
                0x0000000008001c40       0x66 ./Drivers/STM32L4xx_HAL_Driver/Src/stm32l4xx_hal_cortex.o
 *fill*         0x0000000008001ca6        0x2 
 .text.SysTick_Config
                0x0000000008001ca8       0x44 ./Drivers/STM32L4xx_HAL_Driver/Src/stm32l4xx_hal_cortex.o
 .text.HAL_NVIC_SetPriorityGrouping
                0x0000000008001cec       0x16 ./Drivers/STM32L4xx_HAL_Driver/Src/stm32l4xx_hal_cortex.o
                0x0000000008001cec                HAL_NVIC_SetPriorityGrouping
 .text.HAL_NVIC_SetPriority
                0x0000000008001d02       0x38 ./Drivers/STM32L4xx_HAL_Driver/Src/stm32l4xx_hal_cortex.o
                0x0000000008001d02                HAL_NVIC_SetPriority
 .text.HAL_NVIC_EnableIRQ
                0x0000000008001d3a       0x1c ./Drivers/STM32L4xx_HAL_Driver/Src/stm32l4xx_hal_cortex.o
                0x0000000008001d3a                HAL_NVIC_EnableIRQ
 .text.HAL_SYSTICK_Config
                0x0000000008001d56       0x18 ./Drivers/STM32L4xx_HAL_Driver/Src/stm32l4xx_hal_cortex.o
                0x0000000008001d56                HAL_SYSTICK_Config
 *fill*         0x0000000008001d6e        0x2 
 .text.HAL_DMA_Init
                0x0000000008001d70      0x170 ./Drivers/STM32L4xx_HAL_Driver/Src/stm32l4xx_hal_dma.o
                0x0000000008001d70                HAL_DMA_Init
 .text.HAL_DMA_Start_IT
                0x0000000008001ee0       0xc0 ./Drivers/STM32L4xx_HAL_Driver/Src/stm32l4xx_hal_dma.o
                0x0000000008001ee0                HAL_DMA_Start_IT
 .text.HAL_DMA_Abort
                0x0000000008001fa0       0x7c ./Drivers/STM32L4xx_HAL_Driver/Src/stm32l4xx_hal_dma.o
                0x0000000008001fa0                HAL_DMA_Abort
 .text.HAL_DMA_Abort_IT
                0x000000000800201c       0x82 ./Drivers/STM32L4xx_HAL_Driver/Src/stm32l4xx_hal_dma.o
                0x000000000800201c                HAL_DMA_Abort_IT
 .text.HAL_DMA_IRQHandler
                0x000000000800209e      0x15e ./Drivers/STM32L4xx_HAL_Driver/Src/stm32l4xx_hal_dma.o
                0x000000000800209e                HAL_DMA_IRQHandler
 .text.DMA_SetConfig
                0x00000000080021fc       0x60 ./Drivers/STM32L4xx_HAL_Driver/Src/stm32l4xx_hal_dma.o
 .text.HAL_GPIO_Init
                0x000000000800225c      0x354 ./Drivers/STM32L4xx_HAL_Driver/Src/stm32l4xx_hal_gpio.o
                0x000000000800225c                HAL_GPIO_Init
 .text.HAL_GPIO_WritePin
                0x00000000080025b0       0x30 ./Drivers/STM32L4xx_HAL_Driver/Src/stm32l4xx_hal_gpio.o
                0x00000000080025b0                HAL_GPIO_WritePin
 .text.HAL_PWREx_GetVoltageRange
                0x00000000080025e0       0x1c ./Drivers/STM32L4xx_HAL_Driver/Src/stm32l4xx_hal_pwr_ex.o
                0x00000000080025e0                HAL_PWREx_GetVoltageRange
 .text.HAL_PWREx_ControlVoltageScaling
                0x00000000080025fc       0xac ./Drivers/STM32L4xx_HAL_Driver/Src/stm32l4xx_hal_pwr_ex.o
                0x00000000080025fc                HAL_PWREx_ControlVoltageScaling
 .text.HAL_RCC_OscConfig
                0x00000000080026a8      0x7b8 ./Drivers/STM32L4xx_HAL_Driver/Src/stm32l4xx_hal_rcc.o
                0x00000000080026a8                HAL_RCC_OscConfig
 .text.HAL_RCC_ClockConfig
                0x0000000008002e60      0x200 ./Drivers/STM32L4xx_HAL_Driver/Src/stm32l4xx_hal_rcc.o
                0x0000000008002e60                HAL_RCC_ClockConfig
 .text.HAL_RCC_GetSysClockFreq
                0x0000000008003060      0x118 ./Drivers/STM32L4xx_HAL_Driver/Src/stm32l4xx_hal_rcc.o
                0x0000000008003060                HAL_RCC_GetSysClockFreq
 .text.HAL_RCC_GetHCLKFreq
                0x0000000008003178       0x18 ./Drivers/STM32L4xx_HAL_Driver/Src/stm32l4xx_hal_rcc.o
                0x0000000008003178                HAL_RCC_GetHCLKFreq
 .text.HAL_RCC_GetPCLK1Freq
                0x0000000008003190       0x2c ./Drivers/STM32L4xx_HAL_Driver/Src/stm32l4xx_hal_rcc.o
                0x0000000008003190                HAL_RCC_GetPCLK1Freq
 .text.HAL_RCC_GetPCLK2Freq
                0x00000000080031bc       0x2c ./Drivers/STM32L4xx_HAL_Driver/Src/stm32l4xx_hal_rcc.o
                0x00000000080031bc                HAL_RCC_GetPCLK2Freq
 .text.RCC_SetFlashLatencyFromMSIRange
                0x00000000080031e8       0xc0 ./Drivers/STM32L4xx_HAL_Driver/Src/stm32l4xx_hal_rcc.o
 .text.HAL_RCCEx_PeriphCLKConfig
                0x00000000080032a8      0x5d4 ./Drivers/STM32L4xx_HAL_Driver/Src/stm32l4xx_hal_rcc_ex.o
                0x00000000080032a8                HAL_RCCEx_PeriphCLKConfig
 .text.RCCEx_PLLSAI1_Config
                0x000000000800387c      0x1e8 ./Drivers/STM32L4xx_HAL_Driver/Src/stm32l4xx_hal_rcc_ex.o
 .text.RCCEx_PLLSAI2_Config
                0x0000000008003a64      0x1bc ./Drivers/STM32L4xx_HAL_Driver/Src/stm32l4xx_hal_rcc_ex.o
 .text.HAL_SPI_Init
                0x0000000008003c20      0x146 ./Drivers/STM32L4xx_HAL_Driver/Src/stm32l4xx_hal_spi.o
                0x0000000008003c20                HAL_SPI_Init
 .text.HAL_TIM_Base_Init
                0x0000000008003d66       0xae ./Drivers/STM32L4xx_HAL_Driver/Src/stm32l4xx_hal_tim.o
                0x0000000008003d66                HAL_TIM_Base_Init
 .text.HAL_TIM_Base_Start_IT
                0x0000000008003e14       0xe0 ./Drivers/STM32L4xx_HAL_Driver/Src/stm32l4xx_hal_tim.o
                0x0000000008003e14                HAL_TIM_Base_Start_IT
 .text.HAL_TIM_PWM_Init
                0x0000000008003ef4       0xae ./Drivers/STM32L4xx_HAL_Driver/Src/stm32l4xx_hal_tim.o
                0x0000000008003ef4                HAL_TIM_PWM_Init
 .text.HAL_TIM_PWM_MspInit
                0x0000000008003fa2       0x14 ./Drivers/STM32L4xx_HAL_Driver/Src/stm32l4xx_hal_tim.o
                0x0000000008003fa2                HAL_TIM_PWM_MspInit
 *fill*         0x0000000008003fb6        0x2 
 .text.HAL_TIM_PWM_Start_DMA
                0x0000000008003fb8      0x440 ./Drivers/STM32L4xx_HAL_Driver/Src/stm32l4xx_hal_tim.o
                0x0000000008003fb8                HAL_TIM_PWM_Start_DMA
 .text.HAL_TIM_PWM_Stop_DMA
                0x00000000080043f8      0x1f0 ./Drivers/STM32L4xx_HAL_Driver/Src/stm32l4xx_hal_tim.o
                0x00000000080043f8                HAL_TIM_PWM_Stop_DMA
 .text.HAL_TIM_IRQHandler
                0x00000000080045e8      0x204 ./Drivers/STM32L4xx_HAL_Driver/Src/stm32l4xx_hal_tim.o
                0x00000000080045e8                HAL_TIM_IRQHandler
 .text.HAL_TIM_PWM_ConfigChannel
                0x00000000080047ec      0x228 ./Drivers/STM32L4xx_HAL_Driver/Src/stm32l4xx_hal_tim.o
                0x00000000080047ec                HAL_TIM_PWM_ConfigChannel
 .text.HAL_TIM_ConfigClockSource
                0x0000000008004a14      0x192 ./Drivers/STM32L4xx_HAL_Driver/Src/stm32l4xx_hal_tim.o
                0x0000000008004a14                HAL_TIM_ConfigClockSource
 .text.HAL_TIM_OC_DelayElapsedCallback
                0x0000000008004ba6       0x14 ./Drivers/STM32L4xx_HAL_Driver/Src/stm32l4xx_hal_tim.o
                0x0000000008004ba6                HAL_TIM_OC_DelayElapsedCallback
 .text.HAL_TIM_IC_CaptureCallback
                0x0000000008004bba       0x14 ./Drivers/STM32L4xx_HAL_Driver/Src/stm32l4xx_hal_tim.o
                0x0000000008004bba                HAL_TIM_IC_CaptureCallback
 .text.HAL_TIM_PWM_PulseFinishedHalfCpltCallback
                0x0000000008004bce       0x14 ./Drivers/STM32L4xx_HAL_Driver/Src/stm32l4xx_hal_tim.o
                0x0000000008004bce                HAL_TIM_PWM_PulseFinishedHalfCpltCallback
 .text.HAL_TIM_TriggerCallback
                0x0000000008004be2       0x14 ./Drivers/STM32L4xx_HAL_Driver/Src/stm32l4xx_hal_tim.o
                0x0000000008004be2                HAL_TIM_TriggerCallback
 .text.HAL_TIM_ErrorCallback
                0x0000000008004bf6       0x14 ./Drivers/STM32L4xx_HAL_Driver/Src/stm32l4xx_hal_tim.o
                0x0000000008004bf6                HAL_TIM_ErrorCallback
 .text.TIM_DMAError
                0x0000000008004c0a       0x92 ./Drivers/STM32L4xx_HAL_Driver/Src/stm32l4xx_hal_tim.o
                0x0000000008004c0a                TIM_DMAError
 .text.TIM_DMADelayPulseCplt
                0x0000000008004c9c       0xa8 ./Drivers/STM32L4xx_HAL_Driver/Src/stm32l4xx_hal_tim.o
 .text.TIM_DMADelayPulseHalfCplt
                0x0000000008004d44       0x68 ./Drivers/STM32L4xx_HAL_Driver/Src/stm32l4xx_hal_tim.o
                0x0000000008004d44                TIM_DMADelayPulseHalfCplt
 .text.TIM_Base_SetConfig
                0x0000000008004dac      0x134 ./Drivers/STM32L4xx_HAL_Driver/Src/stm32l4xx_hal_tim.o
                0x0000000008004dac                TIM_Base_SetConfig
 .text.TIM_OC1_SetConfig
                0x0000000008004ee0      0x120 ./Drivers/STM32L4xx_HAL_Driver/Src/stm32l4xx_hal_tim.o
 .text.TIM_OC2_SetConfig
                0x0000000008005000      0x114 ./Drivers/STM32L4xx_HAL_Driver/Src/stm32l4xx_hal_tim.o
                0x0000000008005000                TIM_OC2_SetConfig
 .text.TIM_OC3_SetConfig
                0x0000000008005114      0x110 ./Drivers/STM32L4xx_HAL_Driver/Src/stm32l4xx_hal_tim.o
 .text.TIM_OC4_SetConfig
                0x0000000008005224       0xd4 ./Drivers/STM32L4xx_HAL_Driver/Src/stm32l4xx_hal_tim.o
 .text.TIM_OC5_SetConfig
                0x00000000080052f8       0xc8 ./Drivers/STM32L4xx_HAL_Driver/Src/stm32l4xx_hal_tim.o
 .text.TIM_OC6_SetConfig
                0x00000000080053c0       0xcc ./Drivers/STM32L4xx_HAL_Driver/Src/stm32l4xx_hal_tim.o
 .text.TIM_TI1_ConfigInputStage
                0x000000000800548c       0x5e ./Drivers/STM32L4xx_HAL_Driver/Src/stm32l4xx_hal_tim.o
 .text.TIM_TI2_ConfigInputStage
                0x00000000080054ea       0x60 ./Drivers/STM32L4xx_HAL_Driver/Src/stm32l4xx_hal_tim.o
 .text.TIM_ITRx_SetConfig
                0x000000000800554a       0x36 ./Drivers/STM32L4xx_HAL_Driver/Src/stm32l4xx_hal_tim.o
 .text.TIM_ETR_SetConfig
                0x0000000008005580       0x40 ./Drivers/STM32L4xx_HAL_Driver/Src/stm32l4xx_hal_tim.o
                0x0000000008005580                TIM_ETR_SetConfig
 .text.TIM_CCxChannelCmd
                0x00000000080055c0       0x4a ./Drivers/STM32L4xx_HAL_Driver/Src/stm32l4xx_hal_tim.o
                0x00000000080055c0                TIM_CCxChannelCmd
 *fill*         0x000000000800560a        0x2 
 .text.HAL_TIMEx_MasterConfigSynchronization
                0x000000000800560c      0x110 ./Drivers/STM32L4xx_HAL_Driver/Src/stm32l4xx_hal_tim_ex.o
                0x000000000800560c                HAL_TIMEx_MasterConfigSynchronization
 .text.HAL_TIMEx_ConfigBreakDeadTime
                0x000000000800571c       0xfc ./Drivers/STM32L4xx_HAL_Driver/Src/stm32l4xx_hal_tim_ex.o
                0x000000000800571c                HAL_TIMEx_ConfigBreakDeadTime
 .text.HAL_TIMEx_CommutCallback
                0x0000000008005818       0x14 ./Drivers/STM32L4xx_HAL_Driver/Src/stm32l4xx_hal_tim_ex.o
                0x0000000008005818                HAL_TIMEx_CommutCallback
 .text.HAL_TIMEx_BreakCallback
                0x000000000800582c       0x14 ./Drivers/STM32L4xx_HAL_Driver/Src/stm32l4xx_hal_tim_ex.o
                0x000000000800582c                HAL_TIMEx_BreakCallback
 .text.HAL_TIMEx_Break2Callback
                0x0000000008005840       0x14 ./Drivers/STM32L4xx_HAL_Driver/Src/stm32l4xx_hal_tim_ex.o
                0x0000000008005840                HAL_TIMEx_Break2Callback
 .text.HAL_UART_Init
                0x0000000008005854       0x9c ./Drivers/STM32L4xx_HAL_Driver/Src/stm32l4xx_hal_uart.o
                0x0000000008005854                HAL_UART_Init
 .text.HAL_UART_Transmit
                0x00000000080058f0      0x114 ./Drivers/STM32L4xx_HAL_Driver/Src/stm32l4xx_hal_uart.o
                0x00000000080058f0                HAL_UART_Transmit
 .text.HAL_UART_Receive_IT
                0x0000000008005a04       0x98 ./Drivers/STM32L4xx_HAL_Driver/Src/stm32l4xx_hal_uart.o
                0x0000000008005a04                HAL_UART_Receive_IT
 .text.HAL_UART_IRQHandler
                0x0000000008005a9c      0x5d4 ./Drivers/STM32L4xx_HAL_Driver/Src/stm32l4xx_hal_uart.o
                0x0000000008005a9c                HAL_UART_IRQHandler
 .text.HAL_UART_TxCpltCallback
                0x0000000008006070       0x14 ./Drivers/STM32L4xx_HAL_Driver/Src/stm32l4xx_hal_uart.o
                0x0000000008006070                HAL_UART_TxCpltCallback
 .text.HAL_UART_ErrorCallback
                0x0000000008006084       0x14 ./Drivers/STM32L4xx_HAL_Driver/Src/stm32l4xx_hal_uart.o
                0x0000000008006084                HAL_UART_ErrorCallback
 .text.HAL_UARTEx_RxEventCallback
                0x0000000008006098       0x18 ./Drivers/STM32L4xx_HAL_Driver/Src/stm32l4xx_hal_uart.o
                0x0000000008006098                HAL_UARTEx_RxEventCallback
 .text.UART_SetConfig
                0x00000000080060b0      0x570 ./Drivers/STM32L4xx_HAL_Driver/Src/stm32l4xx_hal_uart.o
                0x00000000080060b0                UART_SetConfig
 .text.UART_AdvFeatureConfig
                0x0000000008006620      0x144 ./Drivers/STM32L4xx_HAL_Driver/Src/stm32l4xx_hal_uart.o
                0x0000000008006620                UART_AdvFeatureConfig
 .text.UART_CheckIdleState
                0x0000000008006764      0x150 ./Drivers/STM32L4xx_HAL_Driver/Src/stm32l4xx_hal_uart.o
                0x0000000008006764                UART_CheckIdleState
 .text.UART_WaitOnFlagUntilTimeout
                0x00000000080068b4       0xce ./Drivers/STM32L4xx_HAL_Driver/Src/stm32l4xx_hal_uart.o
                0x00000000080068b4                UART_WaitOnFlagUntilTimeout
 *fill*         0x0000000008006982        0x2 
 .text.UART_Start_Receive_IT
                0x0000000008006984      0x18c ./Drivers/STM32L4xx_HAL_Driver/Src/stm32l4xx_hal_uart.o
                0x0000000008006984                UART_Start_Receive_IT
 .text.UART_EndRxTransfer
                0x0000000008006b10       0xc8 ./Drivers/STM32L4xx_HAL_Driver/Src/stm32l4xx_hal_uart.o
 .text.UART_DMAAbortOnError
                0x0000000008006bd8       0x2c ./Drivers/STM32L4xx_HAL_Driver/Src/stm32l4xx_hal_uart.o
 .text.UART_EndTransmit_IT
                0x0000000008006c04       0x54 ./Drivers/STM32L4xx_HAL_Driver/Src/stm32l4xx_hal_uart.o
 .text.UART_RxISR_8BIT
                0x0000000008006c58      0x1bc ./Drivers/STM32L4xx_HAL_Driver/Src/stm32l4xx_hal_uart.o
 .text.UART_RxISR_16BIT
                0x0000000008006e14      0x1bc ./Drivers/STM32L4xx_HAL_Driver/Src/stm32l4xx_hal_uart.o
 .text.HAL_UARTEx_WakeupCallback
                0x0000000008006fd0       0x14 ./Drivers/STM32L4xx_HAL_Driver/Src/stm32l4xx_hal_uart_ex.o
                0x0000000008006fd0                HAL_UARTEx_WakeupCallback
 .text.uart_init
                0x0000000008006fe4       0x74 ./Lib/Src/communication.o
                0x0000000008006fe4                uart_init
 .text.reception
                0x0000000008007058       0x4c ./Lib/Src/communication.o
                0x0000000008007058                reception
 .text.parser   0x00000000080070a4      0x734 ./Lib/Src/communication.o
                0x00000000080070a4                parser
 .text.msg_manager
                0x00000000080077d8       0x78 ./Lib/Src/communication.o
                0x00000000080077d8                msg_manager
 .text.check_msg_identifier
                0x0000000008007850       0x30 ./Lib/Src/communication.o
                0x0000000008007850                check_msg_identifier
 .text.robot_uid
                0x0000000008007880       0x20 ./Lib/Src/communication.o
                0x0000000008007880                robot_uid
 .text.calc_checksum_rx
                0x00000000080078a0       0x6c ./Lib/Src/communication.o
                0x00000000080078a0                calc_checksum_rx
 .text.calc_checksum_uart5
                0x000000000800790c       0x50 ./Lib/Src/communication.o
                0x000000000800790c                calc_checksum_uart5
 .text.check_checksum_rx
                0x000000000800795c       0x24 ./Lib/Src/communication.o
                0x000000000800795c                check_checksum_rx
 .text.choice_color
                0x0000000008007980       0x38 ./Lib/Src/communication.o
                0x0000000008007980                choice_color
 .text.WS2812_Send
                0x00000000080079b8      0x104 ./Lib/Src/led_ring.o
                0x00000000080079b8                WS2812_Send
 .text.Set_LED  0x0000000008007abc       0x5c ./Lib/Src/led_ring.o
                0x0000000008007abc                Set_LED
 .text.Set_Brightness
                0x0000000008007b18      0x108 ./Lib/Src/led_ring.o
                0x0000000008007b18                Set_Brightness
 .text.memset   0x0000000008007c20       0x10 C:/ST/STM32CubeIDE_1.14.0/STM32CubeIDE/plugins/com.st.stm32cube.ide.mcu.externaltools.gnu-tools-for-stm32.11.3.rel1.win32_1.1.100.202309141235/tools/bin/../lib/gcc/arm-none-eabi/11.3.1/../../../../arm-none-eabi/lib/thumb/v7e-m+fp/hard\libc_nano.a(libc_a-memset.o)
                0x0000000008007c20                memset
 .text.__libc_init_array
                0x0000000008007c30       0x48 C:/ST/STM32CubeIDE_1.14.0/STM32CubeIDE/plugins/com.st.stm32cube.ide.mcu.externaltools.gnu-tools-for-stm32.11.3.rel1.win32_1.1.100.202309141235/tools/bin/../lib/gcc/arm-none-eabi/11.3.1/../../../../arm-none-eabi/lib/thumb/v7e-m+fp/hard\libc_nano.a(libc_a-init.o)
                0x0000000008007c30                __libc_init_array
 .text.tan      0x0000000008007c78       0x68 C:/ST/STM32CubeIDE_1.14.0/STM32CubeIDE/plugins/com.st.stm32cube.ide.mcu.externaltools.gnu-tools-for-stm32.11.3.rel1.win32_1.1.100.202309141235/tools/bin/../lib/gcc/arm-none-eabi/11.3.1/../../../../arm-none-eabi/lib/thumb/v7e-m+fp/hard\libm.a(libm_a-s_tan.o)
                0x0000000008007c78                tan
 .text.__kernel_tan
                0x0000000008007ce0      0x414 C:/ST/STM32CubeIDE_1.14.0/STM32CubeIDE/plugins/com.st.stm32cube.ide.mcu.externaltools.gnu-tools-for-stm32.11.3.rel1.win32_1.1.100.202309141235/tools/bin/../lib/gcc/arm-none-eabi/11.3.1/../../../../arm-none-eabi/lib/thumb/v7e-m+fp/hard\libm.a(libm_a-k_tan.o)
                0x0000000008007ce0                __kernel_tan
 *fill*         0x00000000080080f4        0x4 
 .text.__ieee754_rem_pio2
                0x00000000080080f8      0x40c C:/ST/STM32CubeIDE_1.14.0/STM32CubeIDE/plugins/com.st.stm32cube.ide.mcu.externaltools.gnu-tools-for-stm32.11.3.rel1.win32_1.1.100.202309141235/tools/bin/../lib/gcc/arm-none-eabi/11.3.1/../../../../arm-none-eabi/lib/thumb/v7e-m+fp/hard\libm.a(libm_a-e_rem_pio2.o)
                0x00000000080080f8                __ieee754_rem_pio2
 .text.fabs     0x0000000008008504       0x12 C:/ST/STM32CubeIDE_1.14.0/STM32CubeIDE/plugins/com.st.stm32cube.ide.mcu.externaltools.gnu-tools-for-stm32.11.3.rel1.win32_1.1.100.202309141235/tools/bin/../lib/gcc/arm-none-eabi/11.3.1/../../../../arm-none-eabi/lib/thumb/v7e-m+fp/hard\libm.a(libm_a-s_fabs.o)
                0x0000000008008504                fabs
 *fill*         0x0000000008008516        0x2 
 .text.__kernel_rem_pio2
                0x0000000008008518      0x69c C:/ST/STM32CubeIDE_1.14.0/STM32CubeIDE/plugins/com.st.stm32cube.ide.mcu.externaltools.gnu-tools-for-stm32.11.3.rel1.win32_1.1.100.202309141235/tools/bin/../lib/gcc/arm-none-eabi/11.3.1/../../../../arm-none-eabi/lib/thumb/v7e-m+fp/hard\libm.a(libm_a-k_rem_pio2.o)
                0x0000000008008518                __kernel_rem_pio2
 *fill*         0x0000000008008bb4        0x4 
 .text.scalbn   0x0000000008008bb8       0xfc C:/ST/STM32CubeIDE_1.14.0/STM32CubeIDE/plugins/com.st.stm32cube.ide.mcu.externaltools.gnu-tools-for-stm32.11.3.rel1.win32_1.1.100.202309141235/tools/bin/../lib/gcc/arm-none-eabi/11.3.1/../../../../arm-none-eabi/lib/thumb/v7e-m+fp/hard\libm.a(libm_a-s_scalbn.o)
                0x0000000008008bb8                scalbn
 *fill*         0x0000000008008cb4        0x4 
 .text.floor    0x0000000008008cb8      0x100 C:/ST/STM32CubeIDE_1.14.0/STM32CubeIDE/plugins/com.st.stm32cube.ide.mcu.externaltools.gnu-tools-for-stm32.11.3.rel1.win32_1.1.100.202309141235/tools/bin/../lib/gcc/arm-none-eabi/11.3.1/../../../../arm-none-eabi/lib/thumb/v7e-m+fp/hard\libm.a(libm_a-s_floor.o)
                0x0000000008008cb8                floor
 *(.glue_7)
 .glue_7        0x0000000008008db8        0x0 linker stubs
 *(.glue_7t)
 .glue_7t       0x0000000008008db8        0x0 linker stubs
 *(.eh_frame)
 .eh_frame      0x0000000008008db8        0x0 C:/ST/STM32CubeIDE_1.14.0/STM32CubeIDE/plugins/com.st.stm32cube.ide.mcu.externaltools.gnu-tools-for-stm32.11.3.rel1.win32_1.1.100.202309141235/tools/bin/../lib/gcc/arm-none-eabi/11.3.1/thumb/v7e-m+fp/hard/crtbegin.o
 *(.init)
 .init          0x0000000008008db8        0x4 C:/ST/STM32CubeIDE_1.14.0/STM32CubeIDE/plugins/com.st.stm32cube.ide.mcu.externaltools.gnu-tools-for-stm32.11.3.rel1.win32_1.1.100.202309141235/tools/bin/../lib/gcc/arm-none-eabi/11.3.1/thumb/v7e-m+fp/hard/crti.o
                0x0000000008008db8                _init
 .init          0x0000000008008dbc        0x8 C:/ST/STM32CubeIDE_1.14.0/STM32CubeIDE/plugins/com.st.stm32cube.ide.mcu.externaltools.gnu-tools-for-stm32.11.3.rel1.win32_1.1.100.202309141235/tools/bin/../lib/gcc/arm-none-eabi/11.3.1/thumb/v7e-m+fp/hard/crtn.o
 *(.fini)
 .fini          0x0000000008008dc4        0x4 C:/ST/STM32CubeIDE_1.14.0/STM32CubeIDE/plugins/com.st.stm32cube.ide.mcu.externaltools.gnu-tools-for-stm32.11.3.rel1.win32_1.1.100.202309141235/tools/bin/../lib/gcc/arm-none-eabi/11.3.1/thumb/v7e-m+fp/hard/crti.o
                0x0000000008008dc4                _fini
 .fini          0x0000000008008dc8        0x8 C:/ST/STM32CubeIDE_1.14.0/STM32CubeIDE/plugins/com.st.stm32cube.ide.mcu.externaltools.gnu-tools-for-stm32.11.3.rel1.win32_1.1.100.202309141235/tools/bin/../lib/gcc/arm-none-eabi/11.3.1/thumb/v7e-m+fp/hard/crtn.o
                0x0000000008008dd0                . = ALIGN (0x4)
                0x0000000008008dd0                _etext = .

.vfp11_veneer   0x0000000008008dd0        0x0
 .vfp11_veneer  0x0000000008008dd0        0x0 linker stubs

.v4_bx          0x0000000008008dd0        0x0
 .v4_bx         0x0000000008008dd0        0x0 linker stubs

.iplt           0x0000000008008dd0        0x0
 .iplt          0x0000000008008dd0        0x0 C:/ST/STM32CubeIDE_1.14.0/STM32CubeIDE/plugins/com.st.stm32cube.ide.mcu.externaltools.gnu-tools-for-stm32.11.3.rel1.win32_1.1.100.202309141235/tools/bin/../lib/gcc/arm-none-eabi/11.3.1/thumb/v7e-m+fp/hard/crtbegin.o

.rodata         0x0000000008008dd0      0x220
                0x0000000008008dd0                . = ALIGN (0x4)
 *(.rodata)
 *(.rodata*)
 .rodata.AHBPrescTable
                0x0000000008008dd0       0x10 ./Core/Src/system_stm32l4xx.o
                0x0000000008008dd0                AHBPrescTable
 .rodata.APBPrescTable
                0x0000000008008de0        0x8 ./Core/Src/system_stm32l4xx.o
                0x0000000008008de0                APBPrescTable
 .rodata.MSIRangeTable
                0x0000000008008de8       0x30 ./Core/Src/system_stm32l4xx.o
                0x0000000008008de8                MSIRangeTable
 .rodata.npio2_hw
                0x0000000008008e18       0x80 C:/ST/STM32CubeIDE_1.14.0/STM32CubeIDE/plugins/com.st.stm32cube.ide.mcu.externaltools.gnu-tools-for-stm32.11.3.rel1.win32_1.1.100.202309141235/tools/bin/../lib/gcc/arm-none-eabi/11.3.1/../../../../arm-none-eabi/lib/thumb/v7e-m+fp/hard\libm.a(libm_a-e_rem_pio2.o)
 .rodata.two_over_pi
                0x0000000008008e98      0x108 C:/ST/STM32CubeIDE_1.14.0/STM32CubeIDE/plugins/com.st.stm32cube.ide.mcu.externaltools.gnu-tools-for-stm32.11.3.rel1.win32_1.1.100.202309141235/tools/bin/../lib/gcc/arm-none-eabi/11.3.1/../../../../arm-none-eabi/lib/thumb/v7e-m+fp/hard\libm.a(libm_a-e_rem_pio2.o)
 .rodata.PIo2   0x0000000008008fa0       0x40 C:/ST/STM32CubeIDE_1.14.0/STM32CubeIDE/plugins/com.st.stm32cube.ide.mcu.externaltools.gnu-tools-for-stm32.11.3.rel1.win32_1.1.100.202309141235/tools/bin/../lib/gcc/arm-none-eabi/11.3.1/../../../../arm-none-eabi/lib/thumb/v7e-m+fp/hard\libm.a(libm_a-k_rem_pio2.o)
 .rodata.init_jk
                0x0000000008008fe0       0x10 C:/ST/STM32CubeIDE_1.14.0/STM32CubeIDE/plugins/com.st.stm32cube.ide.mcu.externaltools.gnu-tools-for-stm32.11.3.rel1.win32_1.1.100.202309141235/tools/bin/../lib/gcc/arm-none-eabi/11.3.1/../../../../arm-none-eabi/lib/thumb/v7e-m+fp/hard\libm.a(libm_a-k_rem_pio2.o)
                0x0000000008008ff0                . = ALIGN (0x4)

.ARM.extab      0x0000000008008ff0        0x0
                0x0000000008008ff0                . = ALIGN (0x4)
 *(.ARM.extab* .gnu.linkonce.armextab.*)
                0x0000000008008ff0                . = ALIGN (0x4)

.ARM            0x0000000008008ff0        0x8
                0x0000000008008ff0                . = ALIGN (0x4)
                0x0000000008008ff0                __exidx_start = .
 *(.ARM.exidx*)
 .ARM.exidx     0x0000000008008ff0        0x8 C:/ST/STM32CubeIDE_1.14.0/STM32CubeIDE/plugins/com.st.stm32cube.ide.mcu.externaltools.gnu-tools-for-stm32.11.3.rel1.win32_1.1.100.202309141235/tools/bin/../lib/gcc/arm-none-eabi/11.3.1/thumb/v7e-m+fp/hard\libgcc.a(_udivmoddi4.o)
                0x0000000008008ff8                __exidx_end = .
                0x0000000008008ff8                . = ALIGN (0x4)

.rel.dyn        0x0000000008008ff8        0x0
 .rel.iplt      0x0000000008008ff8        0x0 C:/ST/STM32CubeIDE_1.14.0/STM32CubeIDE/plugins/com.st.stm32cube.ide.mcu.externaltools.gnu-tools-for-stm32.11.3.rel1.win32_1.1.100.202309141235/tools/bin/../lib/gcc/arm-none-eabi/11.3.1/thumb/v7e-m+fp/hard/crtbegin.o

.preinit_array  0x0000000008008ff8        0x0
                0x0000000008008ff8                . = ALIGN (0x4)
                0x0000000008008ff8                PROVIDE (__preinit_array_start = .)
 *(.preinit_array*)
                0x0000000008008ff8                PROVIDE (__preinit_array_end = .)
                0x0000000008008ff8                . = ALIGN (0x4)

.init_array     0x0000000008008ff8        0x4
                0x0000000008008ff8                . = ALIGN (0x4)
                0x0000000008008ff8                PROVIDE (__init_array_start = .)
 *(SORT_BY_NAME(.init_array.*))
 *(.init_array*)
 .init_array    0x0000000008008ff8        0x4 C:/ST/STM32CubeIDE_1.14.0/STM32CubeIDE/plugins/com.st.stm32cube.ide.mcu.externaltools.gnu-tools-for-stm32.11.3.rel1.win32_1.1.100.202309141235/tools/bin/../lib/gcc/arm-none-eabi/11.3.1/thumb/v7e-m+fp/hard/crtbegin.o
                0x0000000008008ffc                PROVIDE (__init_array_end = .)
                0x0000000008008ffc                . = ALIGN (0x4)

.fini_array     0x0000000008008ffc        0x4
                0x0000000008008ffc                . = ALIGN (0x4)
                [!provide]                        PROVIDE (__fini_array_start = .)
 *(SORT_BY_NAME(.fini_array.*))
 *(.fini_array*)
 .fini_array    0x0000000008008ffc        0x4 C:/ST/STM32CubeIDE_1.14.0/STM32CubeIDE/plugins/com.st.stm32cube.ide.mcu.externaltools.gnu-tools-for-stm32.11.3.rel1.win32_1.1.100.202309141235/tools/bin/../lib/gcc/arm-none-eabi/11.3.1/thumb/v7e-m+fp/hard/crtbegin.o
                [!provide]                        PROVIDE (__fini_array_end = .)
                0x0000000008009000                . = ALIGN (0x4)
                0x0000000008009000                _sidata = LOADADDR (.data)

.data           0x0000000020000000       0x10 load address 0x0000000008009000
                0x0000000020000000                . = ALIGN (0x4)
                0x0000000020000000                _sdata = .
 *(.data)
 *(.data*)
 .data.SystemCoreClock
                0x0000000020000000        0x4 ./Core/Src/system_stm32l4xx.o
                0x0000000020000000                SystemCoreClock
 .data.uwTickPrio
                0x0000000020000004        0x4 ./Drivers/STM32L4xx_HAL_Driver/Src/stm32l4xx_hal.o
                0x0000000020000004                uwTickPrio
 .data.uwTickFreq
                0x0000000020000008        0x1 ./Drivers/STM32L4xx_HAL_Driver/Src/stm32l4xx_hal.o
                0x0000000020000008                uwTickFreq
 *fill*         0x0000000020000009        0x3 
 .data.effect_led
                0x000000002000000c        0x4 ./Lib/Src/led_ring.o
                0x000000002000000c                effect_led
 *(.RamFunc)
 *(.RamFunc*)
                0x0000000020000010                . = ALIGN (0x4)
                0x0000000020000010                _edata = .

.igot.plt       0x0000000020000010        0x0 load address 0x0000000008009010
 .igot.plt      0x0000000020000010        0x0 C:/ST/STM32CubeIDE_1.14.0/STM32CubeIDE/plugins/com.st.stm32cube.ide.mcu.externaltools.gnu-tools-for-stm32.11.3.rel1.win32_1.1.100.202309141235/tools/bin/../lib/gcc/arm-none-eabi/11.3.1/thumb/v7e-m+fp/hard/crtbegin.o
                0x0000000020000010                . = ALIGN (0x4)

.bss            0x0000000020000010      0x6e8 load address 0x0000000008009010
                0x0000000020000010                _sbss = .
                0x0000000020000010                __bss_start__ = _sbss
 *(.bss)
 .bss           0x0000000020000010       0x1c C:/ST/STM32CubeIDE_1.14.0/STM32CubeIDE/plugins/com.st.stm32cube.ide.mcu.externaltools.gnu-tools-for-stm32.11.3.rel1.win32_1.1.100.202309141235/tools/bin/../lib/gcc/arm-none-eabi/11.3.1/thumb/v7e-m+fp/hard/crtbegin.o
 *(.bss*)
 .bss.hspi1     0x000000002000002c       0x64 ./Core/Src/main.o
                0x000000002000002c                hspi1
 .bss.hdma_spi1_tx
                0x0000000020000090       0x48 ./Core/Src/main.o
                0x0000000020000090                hdma_spi1_tx
 .bss.htim1     0x00000000200000d8       0x4c ./Core/Src/main.o
                0x00000000200000d8                htim1
 .bss.htim2     0x0000000020000124       0x4c ./Core/Src/main.o
                0x0000000020000124                htim2
 .bss.hdma_tim1_ch1
                0x0000000020000170       0x48 ./Core/Src/main.o
                0x0000000020000170                hdma_tim1_ch1
 .bss.huart5    0x00000000200001b8       0x88 ./Core/Src/main.o
                0x00000000200001b8                huart5
 .bss.huart2    0x0000000020000240       0x88 ./Core/Src/main.o
                0x0000000020000240                huart2
 .bss.uart2_irq_is_captured
                0x00000000200002c8        0x1 ./Core/Src/main.o
                0x00000000200002c8                uart2_irq_is_captured
 .bss.uart5_irq_is_captured
                0x00000000200002c9        0x1 ./Core/Src/main.o
                0x00000000200002c9                uart5_irq_is_captured
 *fill*         0x00000000200002ca        0x2 
 .bss.LED_delay
                0x00000000200002cc        0x4 ./Core/Src/main.o
                0x00000000200002cc                LED_delay
 .bss.stop      0x00000000200002d0        0x4 ./Core/Src/main.o
                0x00000000200002d0                stop
 .bss.uwTick    0x00000000200002d4        0x4 ./Drivers/STM32L4xx_HAL_Driver/Src/stm32l4xx_hal.o
                0x00000000200002d4                uwTick
 .bss.red       0x00000000200002d8        0x1 ./Lib/Src/communication.o
                0x00000000200002d8                red
 .bss.green     0x00000000200002d9        0x1 ./Lib/Src/communication.o
                0x00000000200002d9                green
 .bss.blue      0x00000000200002da        0x1 ./Lib/Src/communication.o
                0x00000000200002da                blue
 *fill*         0x00000000200002db        0x1 
 .bss.rx_buffer_uart2
                0x00000000200002dc        0xc ./Lib/Src/communication.o
                0x00000000200002dc                rx_buffer_uart2
 .bss.tx_buffer_uart2
                0x00000000200002e8        0xc ./Lib/Src/communication.o
                0x00000000200002e8                tx_buffer_uart2
 .bss.rx_buffer_uart5
                0x00000000200002f4        0xc ./Lib/Src/communication.o
                0x00000000200002f4                rx_buffer_uart5
 .bss.tx_buffer_uart5
                0x0000000020000300        0xc ./Lib/Src/communication.o
                0x0000000020000300                tx_buffer_uart5
 .bss.checksum  0x000000002000030c        0x1 ./Lib/Src/communication.o
                0x000000002000030c                checksum
 .bss.msg_size  0x000000002000030d        0x1 ./Lib/Src/communication.o
                0x000000002000030d                msg_size
 .bss.msg_size_reception
                0x000000002000030e        0x1 ./Lib/Src/communication.o
                0x000000002000030e                msg_size_reception
 *fill*         0x000000002000030f        0x1 
 .bss.LED_Data  0x0000000020000310       0x40 ./Lib/Src/led_ring.o
                0x0000000020000310                LED_Data
 .bss.LED_Mod   0x0000000020000350       0x40 ./Lib/Src/led_ring.o
                0x0000000020000350                LED_Mod
 .bss.pwmData   0x0000000020000390      0x364 ./Lib/Src/led_ring.o
                0x0000000020000390                pwmData
 .bss.datasentflag
                0x00000000200006f4        0x4 ./Lib/Src/led_ring.o
                0x00000000200006f4                datasentflag
 *(COMMON)
                0x00000000200006f8                . = ALIGN (0x4)
                0x00000000200006f8                _ebss = .
                0x00000000200006f8                __bss_end__ = _ebss

._user_heap_stack
                0x00000000200006f8      0x600 load address 0x0000000008009010
                0x00000000200006f8                . = ALIGN (0x8)
                [!provide]                        PROVIDE (end = .)
                0x00000000200006f8                PROVIDE (_end = .)
                0x00000000200008f8                . = (. + _Min_Heap_Size)
 *fill*         0x00000000200006f8      0x200 
                0x0000000020000cf8                . = (. + _Min_Stack_Size)
 *fill*         0x00000000200008f8      0x400 
                0x0000000020000cf8                . = ALIGN (0x8)

/DISCARD/
 libc.a(*)
 libm.a(*)
 libgcc.a(*)

.ARM.attributes
                0x0000000000000000       0x30
 *(.ARM.attributes)
 .ARM.attributes
                0x0000000000000000       0x1e C:/ST/STM32CubeIDE_1.14.0/STM32CubeIDE/plugins/com.st.stm32cube.ide.mcu.externaltools.gnu-tools-for-stm32.11.3.rel1.win32_1.1.100.202309141235/tools/bin/../lib/gcc/arm-none-eabi/11.3.1/thumb/v7e-m+fp/hard/crti.o
 .ARM.attributes
                0x000000000000001e       0x34 C:/ST/STM32CubeIDE_1.14.0/STM32CubeIDE/plugins/com.st.stm32cube.ide.mcu.externaltools.gnu-tools-for-stm32.11.3.rel1.win32_1.1.100.202309141235/tools/bin/../lib/gcc/arm-none-eabi/11.3.1/thumb/v7e-m+fp/hard/crtbegin.o
 .ARM.attributes
                0x0000000000000052       0x34 ./Core/Src/main.o
 .ARM.attributes
                0x0000000000000086       0x34 ./Core/Src/stm32l4xx_hal_msp.o
 .ARM.attributes
                0x00000000000000ba       0x34 ./Core/Src/stm32l4xx_it.o
 .ARM.attributes
                0x00000000000000ee       0x34 ./Core/Src/system_stm32l4xx.o
 .ARM.attributes
                0x0000000000000122       0x21 ./Core/Startup/startup_stm32l476rgtx.o
 .ARM.attributes
                0x0000000000000143       0x34 ./Drivers/STM32L4xx_HAL_Driver/Src/stm32l4xx_hal.o
 .ARM.attributes
                0x0000000000000177       0x34 ./Drivers/STM32L4xx_HAL_Driver/Src/stm32l4xx_hal_cortex.o
 .ARM.attributes
                0x00000000000001ab       0x34 ./Drivers/STM32L4xx_HAL_Driver/Src/stm32l4xx_hal_dma.o
 .ARM.attributes
                0x00000000000001df       0x34 ./Drivers/STM32L4xx_HAL_Driver/Src/stm32l4xx_hal_gpio.o
 .ARM.attributes
                0x0000000000000213       0x34 ./Drivers/STM32L4xx_HAL_Driver/Src/stm32l4xx_hal_pwr_ex.o
 .ARM.attributes
                0x0000000000000247       0x34 ./Drivers/STM32L4xx_HAL_Driver/Src/stm32l4xx_hal_rcc.o
 .ARM.attributes
                0x000000000000027b       0x34 ./Drivers/STM32L4xx_HAL_Driver/Src/stm32l4xx_hal_rcc_ex.o
 .ARM.attributes
                0x00000000000002af       0x34 ./Drivers/STM32L4xx_HAL_Driver/Src/stm32l4xx_hal_spi.o
 .ARM.attributes
                0x00000000000002e3       0x34 ./Drivers/STM32L4xx_HAL_Driver/Src/stm32l4xx_hal_tim.o
 .ARM.attributes
                0x0000000000000317       0x34 ./Drivers/STM32L4xx_HAL_Driver/Src/stm32l4xx_hal_tim_ex.o
 .ARM.attributes
                0x000000000000034b       0x34 ./Drivers/STM32L4xx_HAL_Driver/Src/stm32l4xx_hal_uart.o
 .ARM.attributes
                0x000000000000037f       0x34 ./Drivers/STM32L4xx_HAL_Driver/Src/stm32l4xx_hal_uart_ex.o
 .ARM.attributes
                0x00000000000003b3       0x34 ./Lib/Src/communication.o
 .ARM.attributes
                0x00000000000003e7       0x34 ./Lib/Src/led_ring.o
 .ARM.attributes
                0x000000000000041b       0x34 C:/ST/STM32CubeIDE_1.14.0/STM32CubeIDE/plugins/com.st.stm32cube.ide.mcu.externaltools.gnu-tools-for-stm32.11.3.rel1.win32_1.1.100.202309141235/tools/bin/../lib/gcc/arm-none-eabi/11.3.1/../../../../arm-none-eabi/lib/thumb/v7e-m+fp/hard\libc_nano.a(libc_a-memset.o)
 .ARM.attributes
                0x000000000000044f       0x34 C:/ST/STM32CubeIDE_1.14.0/STM32CubeIDE/plugins/com.st.stm32cube.ide.mcu.externaltools.gnu-tools-for-stm32.11.3.rel1.win32_1.1.100.202309141235/tools/bin/../lib/gcc/arm-none-eabi/11.3.1/../../../../arm-none-eabi/lib/thumb/v7e-m+fp/hard\libc_nano.a(libc_a-init.o)
 .ARM.attributes
                0x0000000000000483       0x34 C:/ST/STM32CubeIDE_1.14.0/STM32CubeIDE/plugins/com.st.stm32cube.ide.mcu.externaltools.gnu-tools-for-stm32.11.3.rel1.win32_1.1.100.202309141235/tools/bin/../lib/gcc/arm-none-eabi/11.3.1/../../../../arm-none-eabi/lib/thumb/v7e-m+fp/hard\libm.a(libm_a-s_tan.o)
 .ARM.attributes
                0x00000000000004b7       0x34 C:/ST/STM32CubeIDE_1.14.0/STM32CubeIDE/plugins/com.st.stm32cube.ide.mcu.externaltools.gnu-tools-for-stm32.11.3.rel1.win32_1.1.100.202309141235/tools/bin/../lib/gcc/arm-none-eabi/11.3.1/../../../../arm-none-eabi/lib/thumb/v7e-m+fp/hard\libm.a(libm_a-k_tan.o)
 .ARM.attributes
                0x00000000000004eb       0x34 C:/ST/STM32CubeIDE_1.14.0/STM32CubeIDE/plugins/com.st.stm32cube.ide.mcu.externaltools.gnu-tools-for-stm32.11.3.rel1.win32_1.1.100.202309141235/tools/bin/../lib/gcc/arm-none-eabi/11.3.1/../../../../arm-none-eabi/lib/thumb/v7e-m+fp/hard\libm.a(libm_a-e_rem_pio2.o)
 .ARM.attributes
                0x000000000000051f       0x34 C:/ST/STM32CubeIDE_1.14.0/STM32CubeIDE/plugins/com.st.stm32cube.ide.mcu.externaltools.gnu-tools-for-stm32.11.3.rel1.win32_1.1.100.202309141235/tools/bin/../lib/gcc/arm-none-eabi/11.3.1/../../../../arm-none-eabi/lib/thumb/v7e-m+fp/hard\libm.a(libm_a-s_fabs.o)
 .ARM.attributes
                0x0000000000000553       0x34 C:/ST/STM32CubeIDE_1.14.0/STM32CubeIDE/plugins/com.st.stm32cube.ide.mcu.externaltools.gnu-tools-for-stm32.11.3.rel1.win32_1.1.100.202309141235/tools/bin/../lib/gcc/arm-none-eabi/11.3.1/../../../../arm-none-eabi/lib/thumb/v7e-m+fp/hard\libm.a(libm_a-k_rem_pio2.o)
 .ARM.attributes
                0x0000000000000587       0x34 C:/ST/STM32CubeIDE_1.14.0/STM32CubeIDE/plugins/com.st.stm32cube.ide.mcu.externaltools.gnu-tools-for-stm32.11.3.rel1.win32_1.1.100.202309141235/tools/bin/../lib/gcc/arm-none-eabi/11.3.1/../../../../arm-none-eabi/lib/thumb/v7e-m+fp/hard\libm.a(libm_a-s_scalbn.o)
 .ARM.attributes
                0x00000000000005bb       0x34 C:/ST/STM32CubeIDE_1.14.0/STM32CubeIDE/plugins/com.st.stm32cube.ide.mcu.externaltools.gnu-tools-for-stm32.11.3.rel1.win32_1.1.100.202309141235/tools/bin/../lib/gcc/arm-none-eabi/11.3.1/../../../../arm-none-eabi/lib/thumb/v7e-m+fp/hard\libm.a(libm_a-s_floor.o)
 .ARM.attributes
                0x00000000000005ef       0x1e C:/ST/STM32CubeIDE_1.14.0/STM32CubeIDE/plugins/com.st.stm32cube.ide.mcu.externaltools.gnu-tools-for-stm32.11.3.rel1.win32_1.1.100.202309141235/tools/bin/../lib/gcc/arm-none-eabi/11.3.1/thumb/v7e-m+fp/hard\libgcc.a(_arm_addsubdf3.o)
 .ARM.attributes
                0x000000000000060d       0x1e C:/ST/STM32CubeIDE_1.14.0/STM32CubeIDE/plugins/com.st.stm32cube.ide.mcu.externaltools.gnu-tools-for-stm32.11.3.rel1.win32_1.1.100.202309141235/tools/bin/../lib/gcc/arm-none-eabi/11.3.1/thumb/v7e-m+fp/hard\libgcc.a(_arm_muldivdf3.o)
 .ARM.attributes
                0x000000000000062b       0x1e C:/ST/STM32CubeIDE_1.14.0/STM32CubeIDE/plugins/com.st.stm32cube.ide.mcu.externaltools.gnu-tools-for-stm32.11.3.rel1.win32_1.1.100.202309141235/tools/bin/../lib/gcc/arm-none-eabi/11.3.1/thumb/v7e-m+fp/hard\libgcc.a(_arm_cmpdf2.o)
 .ARM.attributes
                0x0000000000000649       0x1e C:/ST/STM32CubeIDE_1.14.0/STM32CubeIDE/plugins/com.st.stm32cube.ide.mcu.externaltools.gnu-tools-for-stm32.11.3.rel1.win32_1.1.100.202309141235/tools/bin/../lib/gcc/arm-none-eabi/11.3.1/thumb/v7e-m+fp/hard\libgcc.a(_arm_fixdfsi.o)
 .ARM.attributes
                0x0000000000000667       0x1e C:/ST/STM32CubeIDE_1.14.0/STM32CubeIDE/plugins/com.st.stm32cube.ide.mcu.externaltools.gnu-tools-for-stm32.11.3.rel1.win32_1.1.100.202309141235/tools/bin/../lib/gcc/arm-none-eabi/11.3.1/thumb/v7e-m+fp/hard\libgcc.a(_arm_fixunsdfsi.o)
 .ARM.attributes
                0x0000000000000685       0x1e C:/ST/STM32CubeIDE_1.14.0/STM32CubeIDE/plugins/com.st.stm32cube.ide.mcu.externaltools.gnu-tools-for-stm32.11.3.rel1.win32_1.1.100.202309141235/tools/bin/../lib/gcc/arm-none-eabi/11.3.1/thumb/v7e-m+fp/hard\libgcc.a(_arm_truncdfsf2.o)
 .ARM.attributes
                0x00000000000006a3       0x1e C:/ST/STM32CubeIDE_1.14.0/STM32CubeIDE/plugins/com.st.stm32cube.ide.mcu.externaltools.gnu-tools-for-stm32.11.3.rel1.win32_1.1.100.202309141235/tools/bin/../lib/gcc/arm-none-eabi/11.3.1/thumb/v7e-m+fp/hard\libgcc.a(_aeabi_uldivmod.o)
 .ARM.attributes
                0x00000000000006c1       0x34 C:/ST/STM32CubeIDE_1.14.0/STM32CubeIDE/plugins/com.st.stm32cube.ide.mcu.externaltools.gnu-tools-for-stm32.11.3.rel1.win32_1.1.100.202309141235/tools/bin/../lib/gcc/arm-none-eabi/11.3.1/thumb/v7e-m+fp/hard\libgcc.a(_udivmoddi4.o)
 .ARM.attributes
                0x00000000000006f5       0x1e C:/ST/STM32CubeIDE_1.14.0/STM32CubeIDE/plugins/com.st.stm32cube.ide.mcu.externaltools.gnu-tools-for-stm32.11.3.rel1.win32_1.1.100.202309141235/tools/bin/../lib/gcc/arm-none-eabi/11.3.1/thumb/v7e-m+fp/hard\libgcc.a(_dvmd_tls.o)
 .ARM.attributes
                0x0000000000000713       0x1e C:/ST/STM32CubeIDE_1.14.0/STM32CubeIDE/plugins/com.st.stm32cube.ide.mcu.externaltools.gnu-tools-for-stm32.11.3.rel1.win32_1.1.100.202309141235/tools/bin/../lib/gcc/arm-none-eabi/11.3.1/thumb/v7e-m+fp/hard/crtn.o
OUTPUT(Refonte.elf elf32-littlearm)
LOAD linker stubs
LOAD C:/ST/STM32CubeIDE_1.14.0/STM32CubeIDE/plugins/com.st.stm32cube.ide.mcu.externaltools.gnu-tools-for-stm32.11.3.rel1.win32_1.1.100.202309141235/tools/bin/../lib/gcc/arm-none-eabi/11.3.1/../../../../arm-none-eabi/lib/thumb/v7e-m+fp/hard\libc.a
LOAD C:/ST/STM32CubeIDE_1.14.0/STM32CubeIDE/plugins/com.st.stm32cube.ide.mcu.externaltools.gnu-tools-for-stm32.11.3.rel1.win32_1.1.100.202309141235/tools/bin/../lib/gcc/arm-none-eabi/11.3.1/../../../../arm-none-eabi/lib/thumb/v7e-m+fp/hard\libm.a
LOAD C:/ST/STM32CubeIDE_1.14.0/STM32CubeIDE/plugins/com.st.stm32cube.ide.mcu.externaltools.gnu-tools-for-stm32.11.3.rel1.win32_1.1.100.202309141235/tools/bin/../lib/gcc/arm-none-eabi/11.3.1/thumb/v7e-m+fp/hard\libgcc.a

.comment        0x0000000000000000       0x43
 .comment       0x0000000000000000       0x43 C:/ST/STM32CubeIDE_1.14.0/STM32CubeIDE/plugins/com.st.stm32cube.ide.mcu.externaltools.gnu-tools-for-stm32.11.3.rel1.win32_1.1.100.202309141235/tools/bin/../lib/gcc/arm-none-eabi/11.3.1/thumb/v7e-m+fp/hard/crtbegin.o
                                         0x44 (size before relaxing)
 .comment       0x0000000000000043       0x44 ./Core/Src/main.o
 .comment       0x0000000000000043       0x44 ./Core/Src/stm32l4xx_hal_msp.o
 .comment       0x0000000000000043       0x44 ./Core/Src/stm32l4xx_it.o
 .comment       0x0000000000000043       0x44 ./Core/Src/system_stm32l4xx.o
 .comment       0x0000000000000043       0x44 ./Drivers/STM32L4xx_HAL_Driver/Src/stm32l4xx_hal.o
 .comment       0x0000000000000043       0x44 ./Drivers/STM32L4xx_HAL_Driver/Src/stm32l4xx_hal_cortex.o
 .comment       0x0000000000000043       0x44 ./Drivers/STM32L4xx_HAL_Driver/Src/stm32l4xx_hal_dma.o
 .comment       0x0000000000000043       0x44 ./Drivers/STM32L4xx_HAL_Driver/Src/stm32l4xx_hal_gpio.o
 .comment       0x0000000000000043       0x44 ./Drivers/STM32L4xx_HAL_Driver/Src/stm32l4xx_hal_pwr_ex.o
 .comment       0x0000000000000043       0x44 ./Drivers/STM32L4xx_HAL_Driver/Src/stm32l4xx_hal_rcc.o
 .comment       0x0000000000000043       0x44 ./Drivers/STM32L4xx_HAL_Driver/Src/stm32l4xx_hal_rcc_ex.o
 .comment       0x0000000000000043       0x44 ./Drivers/STM32L4xx_HAL_Driver/Src/stm32l4xx_hal_spi.o
 .comment       0x0000000000000043       0x44 ./Drivers/STM32L4xx_HAL_Driver/Src/stm32l4xx_hal_tim.o
 .comment       0x0000000000000043       0x44 ./Drivers/STM32L4xx_HAL_Driver/Src/stm32l4xx_hal_tim_ex.o
 .comment       0x0000000000000043       0x44 ./Drivers/STM32L4xx_HAL_Driver/Src/stm32l4xx_hal_uart.o
 .comment       0x0000000000000043       0x44 ./Drivers/STM32L4xx_HAL_Driver/Src/stm32l4xx_hal_uart_ex.o
 .comment       0x0000000000000043       0x44 ./Lib/Src/communication.o
 .comment       0x0000000000000043       0x44 ./Lib/Src/led_ring.o

.debug_info     0x0000000000000000    0x143f2
 .debug_info    0x0000000000000000     0x1b6e ./Core/Src/main.o
 .debug_info    0x0000000000001b6e     0x17ae ./Core/Src/stm32l4xx_hal_msp.o
 .debug_info    0x000000000000331c      0xb55 ./Core/Src/stm32l4xx_it.o
 .debug_info    0x0000000000003e71      0x5b1 ./Core/Src/system_stm32l4xx.o
 .debug_info    0x0000000000004422       0x23 ./Core/Startup/startup_stm32l476rgtx.o
 .debug_info    0x0000000000004445      0xc09 ./Drivers/STM32L4xx_HAL_Driver/Src/stm32l4xx_hal.o
 .debug_info    0x000000000000504e      0xd4c ./Drivers/STM32L4xx_HAL_Driver/Src/stm32l4xx_hal_cortex.o
 .debug_info    0x0000000000005d9a      0x6f4 ./Drivers/STM32L4xx_HAL_Driver/Src/stm32l4xx_hal_dma.o
 .debug_info    0x000000000000648e      0x757 ./Drivers/STM32L4xx_HAL_Driver/Src/stm32l4xx_hal_gpio.o
 .debug_info    0x0000000000006be5      0x99e ./Drivers/STM32L4xx_HAL_Driver/Src/stm32l4xx_hal_pwr_ex.o
 .debug_info    0x0000000000007583      0xc14 ./Drivers/STM32L4xx_HAL_Driver/Src/stm32l4xx_hal_rcc.o
 .debug_info    0x0000000000008197      0xe11 ./Drivers/STM32L4xx_HAL_Driver/Src/stm32l4xx_hal_rcc_ex.o
 .debug_info    0x0000000000008fa8     0x161a ./Drivers/STM32L4xx_HAL_Driver/Src/stm32l4xx_hal_spi.o
 .debug_info    0x000000000000a5c2     0x2a9a ./Drivers/STM32L4xx_HAL_Driver/Src/stm32l4xx_hal_tim.o
 .debug_info    0x000000000000d05c     0x169e ./Drivers/STM32L4xx_HAL_Driver/Src/stm32l4xx_hal_tim_ex.o
 .debug_info    0x000000000000e6fa     0x3b69 ./Drivers/STM32L4xx_HAL_Driver/Src/stm32l4xx_hal_uart.o
 .debug_info    0x0000000000012263      0xdff ./Drivers/STM32L4xx_HAL_Driver/Src/stm32l4xx_hal_uart_ex.o
 .debug_info    0x0000000000013062      0xae2 ./Lib/Src/communication.o
 .debug_info    0x0000000000013b44      0x8ae ./Lib/Src/led_ring.o

.debug_abbrev   0x0000000000000000     0x2a9c
 .debug_abbrev  0x0000000000000000      0x322 ./Core/Src/main.o
 .debug_abbrev  0x0000000000000322      0x246 ./Core/Src/stm32l4xx_hal_msp.o
 .debug_abbrev  0x0000000000000568      0x1b5 ./Core/Src/stm32l4xx_it.o
 .debug_abbrev  0x000000000000071d      0x11a ./Core/Src/system_stm32l4xx.o
 .debug_abbrev  0x0000000000000837       0x12 ./Core/Startup/startup_stm32l476rgtx.o
 .debug_abbrev  0x0000000000000849      0x243 ./Drivers/STM32L4xx_HAL_Driver/Src/stm32l4xx_hal.o
 .debug_abbrev  0x0000000000000a8c      0x327 ./Drivers/STM32L4xx_HAL_Driver/Src/stm32l4xx_hal_cortex.o
 .debug_abbrev  0x0000000000000db3      0x1e4 ./Drivers/STM32L4xx_HAL_Driver/Src/stm32l4xx_hal_dma.o
 .debug_abbrev  0x0000000000000f97      0x1cb ./Drivers/STM32L4xx_HAL_Driver/Src/stm32l4xx_hal_gpio.o
 .debug_abbrev  0x0000000000001162      0x1f9 ./Drivers/STM32L4xx_HAL_Driver/Src/stm32l4xx_hal_pwr_ex.o
 .debug_abbrev  0x000000000000135b      0x2cb ./Drivers/STM32L4xx_HAL_Driver/Src/stm32l4xx_hal_rcc.o
 .debug_abbrev  0x0000000000001626      0x2a6 ./Drivers/STM32L4xx_HAL_Driver/Src/stm32l4xx_hal_rcc_ex.o
 .debug_abbrev  0x00000000000018cc      0x26a ./Drivers/STM32L4xx_HAL_Driver/Src/stm32l4xx_hal_spi.o
 .debug_abbrev  0x0000000000001b36      0x278 ./Drivers/STM32L4xx_HAL_Driver/Src/stm32l4xx_hal_tim.o
 .debug_abbrev  0x0000000000001dae      0x283 ./Drivers/STM32L4xx_HAL_Driver/Src/stm32l4xx_hal_tim_ex.o
 .debug_abbrev  0x0000000000002031      0x2d0 ./Drivers/STM32L4xx_HAL_Driver/Src/stm32l4xx_hal_uart.o
 .debug_abbrev  0x0000000000002301      0x2be ./Drivers/STM32L4xx_HAL_Driver/Src/stm32l4xx_hal_uart_ex.o
 .debug_abbrev  0x00000000000025bf      0x2ab ./Lib/Src/communication.o
 .debug_abbrev  0x000000000000286a      0x232 ./Lib/Src/led_ring.o

.debug_aranges  0x0000000000000000     0x11f8
 .debug_aranges
                0x0000000000000000       0x80 ./Core/Src/main.o
 .debug_aranges
                0x0000000000000080       0x58 ./Core/Src/stm32l4xx_hal_msp.o
 .debug_aranges
                0x00000000000000d8       0x88 ./Core/Src/stm32l4xx_it.o
 .debug_aranges
                0x0000000000000160       0x28 ./Core/Src/system_stm32l4xx.o
 .debug_aranges
                0x0000000000000188       0x28 ./Core/Startup/startup_stm32l476rgtx.o
 .debug_aranges
                0x00000000000001b0      0x130 ./Drivers/STM32L4xx_HAL_Driver/Src/stm32l4xx_hal.o
 .debug_aranges
                0x00000000000002e0      0x118 ./Drivers/STM32L4xx_HAL_Driver/Src/stm32l4xx_hal_cortex.o
 .debug_aranges
                0x00000000000003f8       0x80 ./Drivers/STM32L4xx_HAL_Driver/Src/stm32l4xx_hal_dma.o
 .debug_aranges
                0x0000000000000478       0x58 ./Drivers/STM32L4xx_HAL_Driver/Src/stm32l4xx_hal_gpio.o
 .debug_aranges
                0x00000000000004d0      0x160 ./Drivers/STM32L4xx_HAL_Driver/Src/stm32l4xx_hal_pwr_ex.o
 .debug_aranges
                0x0000000000000630       0x90 ./Drivers/STM32L4xx_HAL_Driver/Src/stm32l4xx_hal_rcc.o
 .debug_aranges
                0x00000000000006c0       0xc0 ./Drivers/STM32L4xx_HAL_Driver/Src/stm32l4xx_hal_rcc_ex.o
 .debug_aranges
                0x0000000000000780      0x1d8 ./Drivers/STM32L4xx_HAL_Driver/Src/stm32l4xx_hal_spi.o
 .debug_aranges
                0x0000000000000958      0x3e0 ./Drivers/STM32L4xx_HAL_Driver/Src/stm32l4xx_hal_tim.o
 .debug_aranges
                0x0000000000000d38      0x180 ./Drivers/STM32L4xx_HAL_Driver/Src/stm32l4xx_hal_tim_ex.o
 .debug_aranges
                0x0000000000000eb8      0x228 ./Drivers/STM32L4xx_HAL_Driver/Src/stm32l4xx_hal_uart.o
 .debug_aranges
                0x00000000000010e0       0x80 ./Drivers/STM32L4xx_HAL_Driver/Src/stm32l4xx_hal_uart_ex.o
 .debug_aranges
                0x0000000000001160       0x68 ./Lib/Src/communication.o
 .debug_aranges
                0x00000000000011c8       0x30 ./Lib/Src/led_ring.o

.debug_rnglists
                0x0000000000000000      0xe0e
 .debug_rnglists
                0x0000000000000000       0x60 ./Core/Src/main.o
 .debug_rnglists
                0x0000000000000060       0x40 ./Core/Src/stm32l4xx_hal_msp.o
 .debug_rnglists
                0x00000000000000a0       0x61 ./Core/Src/stm32l4xx_it.o
 .debug_rnglists
                0x0000000000000101       0x1a ./Core/Src/system_stm32l4xx.o
 .debug_rnglists
                0x000000000000011b       0x19 ./Core/Startup/startup_stm32l476rgtx.o
 .debug_rnglists
                0x0000000000000134       0xdf ./Drivers/STM32L4xx_HAL_Driver/Src/stm32l4xx_hal.o
 .debug_rnglists
                0x0000000000000213       0xce ./Drivers/STM32L4xx_HAL_Driver/Src/stm32l4xx_hal_cortex.o
 .debug_rnglists
                0x00000000000002e1       0x64 ./Drivers/STM32L4xx_HAL_Driver/Src/stm32l4xx_hal_dma.o
 .debug_rnglists
                0x0000000000000345       0x3f ./Drivers/STM32L4xx_HAL_Driver/Src/stm32l4xx_hal_gpio.o
 .debug_rnglists
                0x0000000000000384      0x109 ./Drivers/STM32L4xx_HAL_Driver/Src/stm32l4xx_hal_pwr_ex.o
 .debug_rnglists
                0x000000000000048d       0x6d ./Drivers/STM32L4xx_HAL_Driver/Src/stm32l4xx_hal_rcc.o
 .debug_rnglists
                0x00000000000004fa       0x95 ./Drivers/STM32L4xx_HAL_Driver/Src/stm32l4xx_hal_rcc_ex.o
 .debug_rnglists
                0x000000000000058f      0x178 ./Drivers/STM32L4xx_HAL_Driver/Src/stm32l4xx_hal_spi.o
 .debug_rnglists
                0x0000000000000707      0x328 ./Drivers/STM32L4xx_HAL_Driver/Src/stm32l4xx_hal_tim.o
 .debug_rnglists
                0x0000000000000a2f      0x139 ./Drivers/STM32L4xx_HAL_Driver/Src/stm32l4xx_hal_tim_ex.o
 .debug_rnglists
                0x0000000000000b68      0x1db ./Drivers/STM32L4xx_HAL_Driver/Src/stm32l4xx_hal_uart.o
 .debug_rnglists
                0x0000000000000d43       0x60 ./Drivers/STM32L4xx_HAL_Driver/Src/stm32l4xx_hal_uart_ex.o
 .debug_rnglists
                0x0000000000000da3       0x4a ./Lib/Src/communication.o
 .debug_rnglists
                0x0000000000000ded       0x21 ./Lib/Src/led_ring.o

.debug_macro    0x0000000000000000    0x27bc0
 .debug_macro   0x0000000000000000      0x31a ./Core/Src/main.o
 .debug_macro   0x000000000000031a      0xaa8 ./Core/Src/main.o
 .debug_macro   0x0000000000000dc2      0x1ad ./Core/Src/main.o
 .debug_macro   0x0000000000000f6f       0x2e ./Core/Src/main.o
 .debug_macro   0x0000000000000f9d       0x28 ./Core/Src/main.o
 .debug_macro   0x0000000000000fc5       0x22 ./Core/Src/main.o
 .debug_macro   0x0000000000000fe7       0x8e ./Core/Src/main.o
 .debug_macro   0x0000000000001075       0x51 ./Core/Src/main.o
 .debug_macro   0x00000000000010c6      0x103 ./Core/Src/main.o
 .debug_macro   0x00000000000011c9       0x6a ./Core/Src/main.o
 .debug_macro   0x0000000000001233      0x1df ./Core/Src/main.o
 .debug_macro   0x0000000000001412       0x1c ./Core/Src/main.o
 .debug_macro   0x000000000000142e       0x22 ./Core/Src/main.o
 .debug_macro   0x0000000000001450       0xfb ./Core/Src/main.o
 .debug_macro   0x000000000000154b     0x1011 ./Core/Src/main.o
 .debug_macro   0x000000000000255c      0x11f ./Core/Src/main.o
 .debug_macro   0x000000000000267b    0x1a17a ./Core/Src/main.o
 .debug_macro   0x000000000001c7f5       0x6d ./Core/Src/main.o
 .debug_macro   0x000000000001c862     0x38e6 ./Core/Src/main.o
 .debug_macro   0x0000000000020148      0x174 ./Core/Src/main.o
 .debug_macro   0x00000000000202bc       0x5c ./Core/Src/main.o
 .debug_macro   0x0000000000020318     0x159e ./Core/Src/main.o
 .debug_macro   0x00000000000218b6      0x5a5 ./Core/Src/main.o
 .debug_macro   0x0000000000021e5b      0x1b9 ./Core/Src/main.o
 .debug_macro   0x0000000000022014      0x18b ./Core/Src/main.o
 .debug_macro   0x000000000002219f      0x26b ./Core/Src/main.o
 .debug_macro   0x000000000002240a      0x23d ./Core/Src/main.o
 .debug_macro   0x0000000000022647      0x241 ./Core/Src/main.o
 .debug_macro   0x0000000000022888      0x37c ./Core/Src/main.o
 .debug_macro   0x0000000000022c04       0xd6 ./Core/Src/main.o
 .debug_macro   0x0000000000022cda      0x122 ./Core/Src/main.o
 .debug_macro   0x0000000000022dfc      0x3ef ./Core/Src/main.o
 .debug_macro   0x00000000000231eb      0x2fe ./Core/Src/main.o
 .debug_macro   0x00000000000234e9      0xa98 ./Core/Src/main.o
 .debug_macro   0x0000000000023f81      0x1e6 ./Core/Src/main.o
 .debug_macro   0x0000000000024167      0x5cf ./Core/Src/main.o
 .debug_macro   0x0000000000024736       0x44 ./Core/Src/main.o
 .debug_macro   0x000000000002477a      0x330 ./Core/Src/main.o
 .debug_macro   0x0000000000024aaa       0x61 ./Core/Src/main.o
 .debug_macro   0x0000000000024b0b       0x2a ./Core/Src/main.o
 .debug_macro   0x0000000000024b35       0x43 ./Core/Src/main.o
 .debug_macro   0x0000000000024b78       0x34 ./Core/Src/main.o
 .debug_macro   0x0000000000024bac       0x16 ./Core/Src/main.o
 .debug_macro   0x0000000000024bc2       0x35 ./Core/Src/main.o
 .debug_macro   0x0000000000024bf7      0x369 ./Core/Src/main.o
 .debug_macro   0x0000000000024f60       0x10 ./Core/Src/main.o
 .debug_macro   0x0000000000024f70       0x16 ./Core/Src/main.o
 .debug_macro   0x0000000000024f86       0x43 ./Core/Src/main.o
 .debug_macro   0x0000000000024fc9       0x34 ./Core/Src/main.o
 .debug_macro   0x0000000000024ffd       0x10 ./Core/Src/main.o
 .debug_macro   0x000000000002500d       0x58 ./Core/Src/main.o
 .debug_macro   0x0000000000025065       0x8e ./Core/Src/main.o
 .debug_macro   0x00000000000250f3       0x1c ./Core/Src/main.o
 .debug_macro   0x000000000002510f      0x177 ./Core/Src/main.o
 .debug_macro   0x0000000000025286       0x16 ./Core/Src/main.o
 .debug_macro   0x000000000002529c       0x16 ./Core/Src/main.o
 .debug_macro   0x00000000000252b2      0x147 ./Core/Src/main.o
 .debug_macro   0x00000000000253f9       0x22 ./Core/Src/main.o
 .debug_macro   0x000000000002541b      0x19b ./Core/Src/main.o
 .debug_macro   0x00000000000255b6       0x16 ./Core/Src/main.o
 .debug_macro   0x00000000000255cc       0x20 ./Core/Src/main.o
 .debug_macro   0x00000000000255ec       0x58 ./Core/Src/main.o
 .debug_macro   0x0000000000025644       0x16 ./Core/Src/main.o
 .debug_macro   0x000000000002565a       0x34 ./Core/Src/main.o
 .debug_macro   0x000000000002568e      0x308 ./Core/Src/stm32l4xx_hal_msp.o
 .debug_macro   0x0000000000025996      0x312 ./Core/Src/stm32l4xx_it.o
 .debug_macro   0x0000000000025ca8      0x1d5 ./Core/Src/system_stm32l4xx.o
 .debug_macro   0x0000000000025e7d      0x223 ./Drivers/STM32L4xx_HAL_Driver/Src/stm32l4xx_hal.o
 .debug_macro   0x00000000000260a0      0x1d5 ./Drivers/STM32L4xx_HAL_Driver/Src/stm32l4xx_hal_cortex.o
 .debug_macro   0x0000000000026275      0x1d5 ./Drivers/STM32L4xx_HAL_Driver/Src/stm32l4xx_hal_dma.o
 .debug_macro   0x000000000002644a      0x1dc ./Drivers/STM32L4xx_HAL_Driver/Src/stm32l4xx_hal_gpio.o
 .debug_macro   0x0000000000026626      0x1f9 ./Drivers/STM32L4xx_HAL_Driver/Src/stm32l4xx_hal_pwr_ex.o
 .debug_macro   0x000000000002681f      0x217 ./Drivers/STM32L4xx_HAL_Driver/Src/stm32l4xx_hal_rcc.o
 .debug_macro   0x0000000000026a36      0x20b ./Drivers/STM32L4xx_HAL_Driver/Src/stm32l4xx_hal_rcc_ex.o
 .debug_macro   0x0000000000026c41      0x1dd ./Drivers/STM32L4xx_HAL_Driver/Src/stm32l4xx_hal_spi.o
 .debug_macro   0x0000000000026e1e      0x1d6 ./Drivers/STM32L4xx_HAL_Driver/Src/stm32l4xx_hal_tim.o
 .debug_macro   0x0000000000026ff4      0x1d5 ./Drivers/STM32L4xx_HAL_Driver/Src/stm32l4xx_hal_tim_ex.o
 .debug_macro   0x00000000000271c9      0x200 ./Drivers/STM32L4xx_HAL_Driver/Src/stm32l4xx_hal_uart.o
 .debug_macro   0x00000000000273c9      0x1d5 ./Drivers/STM32L4xx_HAL_Driver/Src/stm32l4xx_hal_uart_ex.o
 .debug_macro   0x000000000002759e      0x311 ./Lib/Src/communication.o
 .debug_macro   0x00000000000278af      0x311 ./Lib/Src/led_ring.o

.debug_line     0x0000000000000000    0x15ffd
 .debug_line    0x0000000000000000      0xcda ./Core/Src/main.o
 .debug_line    0x0000000000000cda      0xaf8 ./Core/Src/stm32l4xx_hal_msp.o
 .debug_line    0x00000000000017d2      0xa57 ./Core/Src/stm32l4xx_it.o
 .debug_line    0x0000000000002229      0x818 ./Core/Src/system_stm32l4xx.o
 .debug_line    0x0000000000002a41       0x7a ./Core/Startup/startup_stm32l476rgtx.o
 .debug_line    0x0000000000002abb      0xb71 ./Drivers/STM32L4xx_HAL_Driver/Src/stm32l4xx_hal.o
 .debug_line    0x000000000000362c      0xd17 ./Drivers/STM32L4xx_HAL_Driver/Src/stm32l4xx_hal_cortex.o
 .debug_line    0x0000000000004343      0xd61 ./Drivers/STM32L4xx_HAL_Driver/Src/stm32l4xx_hal_dma.o
 .debug_line    0x00000000000050a4      0xbe4 ./Drivers/STM32L4xx_HAL_Driver/Src/stm32l4xx_hal_gpio.o
 .debug_line    0x0000000000005c88      0xd68 ./Drivers/STM32L4xx_HAL_Driver/Src/stm32l4xx_hal_pwr_ex.o
 .debug_line    0x00000000000069f0      0xfe7 ./Drivers/STM32L4xx_HAL_Driver/Src/stm32l4xx_hal_rcc.o
 .debug_line    0x00000000000079d7     0x1561 ./Drivers/STM32L4xx_HAL_Driver/Src/stm32l4xx_hal_rcc_ex.o
 .debug_line    0x0000000000008f38     0x1fdd ./Drivers/STM32L4xx_HAL_Driver/Src/stm32l4xx_hal_spi.o
 .debug_line    0x000000000000af15     0x3e4a ./Drivers/STM32L4xx_HAL_Driver/Src/stm32l4xx_hal_tim.o
 .debug_line    0x000000000000ed5f     0x1c7f ./Drivers/STM32L4xx_HAL_Driver/Src/stm32l4xx_hal_tim_ex.o
 .debug_line    0x00000000000109de     0x3250 ./Drivers/STM32L4xx_HAL_Driver/Src/stm32l4xx_hal_uart.o
 .debug_line    0x0000000000013c2e      0xc79 ./Drivers/STM32L4xx_HAL_Driver/Src/stm32l4xx_hal_uart_ex.o
 .debug_line    0x00000000000148a7      0xcd3 ./Lib/Src/communication.o
 .debug_line    0x000000000001557a      0xa83 ./Lib/Src/led_ring.o

.debug_str      0x0000000000000000    0xf540a
 .debug_str     0x0000000000000000    0xf0f6b ./Core/Src/main.o
                                      0xf13f4 (size before relaxing)
 .debug_str     0x00000000000f0f6b      0x361 ./Core/Src/stm32l4xx_hal_msp.o
                                      0xf1086 (size before relaxing)
 .debug_str     0x00000000000f12cc      0x168 ./Core/Src/stm32l4xx_it.o
                                      0xf05c1 (size before relaxing)
 .debug_str     0x00000000000f1434       0xf2 ./Core/Src/system_stm32l4xx.o
                                      0xebdb3 (size before relaxing)
 .debug_str     0x00000000000f1526       0x34 ./Core/Startup/startup_stm32l476rgtx.o
                                         0x79 (size before relaxing)
 .debug_str     0x00000000000f155a      0x6a7 ./Drivers/STM32L4xx_HAL_Driver/Src/stm32l4xx_hal.o
                                      0xec9b2 (size before relaxing)
 .debug_str     0x00000000000f1c01      0x318 ./Drivers/STM32L4xx_HAL_Driver/Src/stm32l4xx_hal_cortex.o
                                      0xec5fa (size before relaxing)
 .debug_str     0x00000000000f1f19      0x224 ./Drivers/STM32L4xx_HAL_Driver/Src/stm32l4xx_hal_dma.o
                                      0xec01d (size before relaxing)
 .debug_str     0x00000000000f213d      0x123 ./Drivers/STM32L4xx_HAL_Driver/Src/stm32l4xx_hal_gpio.o
                                      0xebf2c (size before relaxing)
 .debug_str     0x00000000000f2260      0x4e3 ./Drivers/STM32L4xx_HAL_Driver/Src/stm32l4xx_hal_pwr_ex.o
                                      0xec30e (size before relaxing)
 .debug_str     0x00000000000f2743      0x345 ./Drivers/STM32L4xx_HAL_Driver/Src/stm32l4xx_hal_rcc.o
                                      0xec3f9 (size before relaxing)
 .debug_str     0x00000000000f2a88      0x3bf ./Drivers/STM32L4xx_HAL_Driver/Src/stm32l4xx_hal_rcc_ex.o
                                      0xec572 (size before relaxing)
 .debug_str     0x00000000000f2e47      0x588 ./Drivers/STM32L4xx_HAL_Driver/Src/stm32l4xx_hal_spi.o
                                      0xec5d4 (size before relaxing)
 .debug_str     0x00000000000f33cf      0xd15 ./Drivers/STM32L4xx_HAL_Driver/Src/stm32l4xx_hal_tim.o
                                      0xed0f3 (size before relaxing)
 .debug_str     0x00000000000f40e4      0x4ae ./Drivers/STM32L4xx_HAL_Driver/Src/stm32l4xx_hal_tim_ex.o
                                      0xeca07 (size before relaxing)
 .debug_str     0x00000000000f4592      0x868 ./Drivers/STM32L4xx_HAL_Driver/Src/stm32l4xx_hal_uart.o
                                      0xecb0b (size before relaxing)
 .debug_str     0x00000000000f4dfa      0x1f7 ./Drivers/STM32L4xx_HAL_Driver/Src/stm32l4xx_hal_uart_ex.o
                                      0xec337 (size before relaxing)
 .debug_str     0x00000000000f4ff1      0x3c2 ./Lib/Src/communication.o
                                      0xf0654 (size before relaxing)
 .debug_str     0x00000000000f53b3       0x57 ./Lib/Src/led_ring.o
                                      0xf02ef (size before relaxing)

.debug_frame    0x0000000000000000     0x4fac
 .debug_frame   0x0000000000000000      0x1c4 ./Core/Src/main.o
 .debug_frame   0x00000000000001c4      0x138 ./Core/Src/stm32l4xx_hal_msp.o
 .debug_frame   0x00000000000002fc      0x190 ./Core/Src/stm32l4xx_it.o
 .debug_frame   0x000000000000048c       0x58 ./Core/Src/system_stm32l4xx.o
 .debug_frame   0x00000000000004e4      0x498 ./Drivers/STM32L4xx_HAL_Driver/Src/stm32l4xx_hal.o
 .debug_frame   0x000000000000097c      0x498 ./Drivers/STM32L4xx_HAL_Driver/Src/stm32l4xx_hal_cortex.o
 .debug_frame   0x0000000000000e14      0x204 ./Drivers/STM32L4xx_HAL_Driver/Src/stm32l4xx_hal_dma.o
 .debug_frame   0x0000000000001018      0x14c ./Drivers/STM32L4xx_HAL_Driver/Src/stm32l4xx_hal_gpio.o
 .debug_frame   0x0000000000001164      0x584 ./Drivers/STM32L4xx_HAL_Driver/Src/stm32l4xx_hal_pwr_ex.o
 .debug_frame   0x00000000000016e8      0x21c ./Drivers/STM32L4xx_HAL_Driver/Src/stm32l4xx_hal_rcc.o
 .debug_frame   0x0000000000001904      0x2fc ./Drivers/STM32L4xx_HAL_Driver/Src/stm32l4xx_hal_rcc_ex.o
 .debug_frame   0x0000000000001c00      0x860 ./Drivers/STM32L4xx_HAL_Driver/Src/stm32l4xx_hal_spi.o
 .debug_frame   0x0000000000002460     0x1218 ./Drivers/STM32L4xx_HAL_Driver/Src/stm32l4xx_hal_tim.o
 .debug_frame   0x0000000000003678      0x6b0 ./Drivers/STM32L4xx_HAL_Driver/Src/stm32l4xx_hal_tim_ex.o
 .debug_frame   0x0000000000003d28      0x9f4 ./Drivers/STM32L4xx_HAL_Driver/Src/stm32l4xx_hal_uart.o
 .debug_frame   0x000000000000471c      0x204 ./Drivers/STM32L4xx_HAL_Driver/Src/stm32l4xx_hal_uart_ex.o
 .debug_frame   0x0000000000004920      0x174 ./Lib/Src/communication.o
 .debug_frame   0x0000000000004a94       0x84 ./Lib/Src/led_ring.o
 .debug_frame   0x0000000000004b18       0x20 C:/ST/STM32CubeIDE_1.14.0/STM32CubeIDE/plugins/com.st.stm32cube.ide.mcu.externaltools.gnu-tools-for-stm32.11.3.rel1.win32_1.1.100.202309141235/tools/bin/../lib/gcc/arm-none-eabi/11.3.1/../../../../arm-none-eabi/lib/thumb/v7e-m+fp/hard\libc_nano.a(libc_a-memset.o)
 .debug_frame   0x0000000000004b38       0x2c C:/ST/STM32CubeIDE_1.14.0/STM32CubeIDE/plugins/com.st.stm32cube.ide.mcu.externaltools.gnu-tools-for-stm32.11.3.rel1.win32_1.1.100.202309141235/tools/bin/../lib/gcc/arm-none-eabi/11.3.1/../../../../arm-none-eabi/lib/thumb/v7e-m+fp/hard\libc_nano.a(libc_a-init.o)
 .debug_frame   0x0000000000004b64       0x38 C:/ST/STM32CubeIDE_1.14.0/STM32CubeIDE/plugins/com.st.stm32cube.ide.mcu.externaltools.gnu-tools-for-stm32.11.3.rel1.win32_1.1.100.202309141235/tools/bin/../lib/gcc/arm-none-eabi/11.3.1/../../../../arm-none-eabi/lib/thumb/v7e-m+fp/hard\libm.a(libm_a-s_tan.o)
 .debug_frame   0x0000000000004b9c       0x64 C:/ST/STM32CubeIDE_1.14.0/STM32CubeIDE/plugins/com.st.stm32cube.ide.mcu.externaltools.gnu-tools-for-stm32.11.3.rel1.win32_1.1.100.202309141235/tools/bin/../lib/gcc/arm-none-eabi/11.3.1/../../../../arm-none-eabi/lib/thumb/v7e-m+fp/hard\libm.a(libm_a-k_tan.o)
 .debug_frame   0x0000000000004c00       0x50 C:/ST/STM32CubeIDE_1.14.0/STM32CubeIDE/plugins/com.st.stm32cube.ide.mcu.externaltools.gnu-tools-for-stm32.11.3.rel1.win32_1.1.100.202309141235/tools/bin/../lib/gcc/arm-none-eabi/11.3.1/../../../../arm-none-eabi/lib/thumb/v7e-m+fp/hard\libm.a(libm_a-e_rem_pio2.o)
 .debug_frame   0x0000000000004c50       0x20 C:/ST/STM32CubeIDE_1.14.0/STM32CubeIDE/plugins/com.st.stm32cube.ide.mcu.externaltools.gnu-tools-for-stm32.11.3.rel1.win32_1.1.100.202309141235/tools/bin/../lib/gcc/arm-none-eabi/11.3.1/../../../../arm-none-eabi/lib/thumb/v7e-m+fp/hard\libm.a(libm_a-s_fabs.o)
 .debug_frame   0x0000000000004c70       0x54 C:/ST/STM32CubeIDE_1.14.0/STM32CubeIDE/plugins/com.st.stm32cube.ide.mcu.externaltools.gnu-tools-for-stm32.11.3.rel1.win32_1.1.100.202309141235/tools/bin/../lib/gcc/arm-none-eabi/11.3.1/../../../../arm-none-eabi/lib/thumb/v7e-m+fp/hard\libm.a(libm_a-k_rem_pio2.o)
 .debug_frame   0x0000000000004cc4       0x2c C:/ST/STM32CubeIDE_1.14.0/STM32CubeIDE/plugins/com.st.stm32cube.ide.mcu.externaltools.gnu-tools-for-stm32.11.3.rel1.win32_1.1.100.202309141235/tools/bin/../lib/gcc/arm-none-eabi/11.3.1/../../../../arm-none-eabi/lib/thumb/v7e-m+fp/hard\libm.a(libm_a-s_scalbn.o)
 .debug_frame   0x0000000000004cf0       0x30 C:/ST/STM32CubeIDE_1.14.0/STM32CubeIDE/plugins/com.st.stm32cube.ide.mcu.externaltools.gnu-tools-for-stm32.11.3.rel1.win32_1.1.100.202309141235/tools/bin/../lib/gcc/arm-none-eabi/11.3.1/../../../../arm-none-eabi/lib/thumb/v7e-m+fp/hard\libm.a(libm_a-s_floor.o)
 .debug_frame   0x0000000000004d20       0xac C:/ST/STM32CubeIDE_1.14.0/STM32CubeIDE/plugins/com.st.stm32cube.ide.mcu.externaltools.gnu-tools-for-stm32.11.3.rel1.win32_1.1.100.202309141235/tools/bin/../lib/gcc/arm-none-eabi/11.3.1/thumb/v7e-m+fp/hard\libgcc.a(_arm_addsubdf3.o)
 .debug_frame   0x0000000000004dcc       0x50 C:/ST/STM32CubeIDE_1.14.0/STM32CubeIDE/plugins/com.st.stm32cube.ide.mcu.externaltools.gnu-tools-for-stm32.11.3.rel1.win32_1.1.100.202309141235/tools/bin/../lib/gcc/arm-none-eabi/11.3.1/thumb/v7e-m+fp/hard\libgcc.a(_arm_muldivdf3.o)
 .debug_frame   0x0000000000004e1c       0xc4 C:/ST/STM32CubeIDE_1.14.0/STM32CubeIDE/plugins/com.st.stm32cube.ide.mcu.externaltools.gnu-tools-for-stm32.11.3.rel1.win32_1.1.100.202309141235/tools/bin/../lib/gcc/arm-none-eabi/11.3.1/thumb/v7e-m+fp/hard\libgcc.a(_arm_cmpdf2.o)
 .debug_frame   0x0000000000004ee0       0x24 C:/ST/STM32CubeIDE_1.14.0/STM32CubeIDE/plugins/com.st.stm32cube.ide.mcu.externaltools.gnu-tools-for-stm32.11.3.rel1.win32_1.1.100.202309141235/tools/bin/../lib/gcc/arm-none-eabi/11.3.1/thumb/v7e-m+fp/hard\libgcc.a(_arm_fixdfsi.o)